117.184.250.101 - - [16/Oct/2018:12:49:58 +0800] "GET /d/js/acmsd/ecms_dialog.js HTTP/1.1" 200 12 "https://119.28.223.142/" "Mozilla/5.0 (Windows NT 6.1; WOW64) AppleWebKit/537.36 (KHTML, like Gecko) Chrome/32.0.1700.76 Safari/537.36"
117.184.250.101 - - [16/Oct/2018:12:49:58 +0800] "GET /skin/default/js/tabs.js HTTP/1.1" 200 12 "https://119.28.223.142/" "Mozilla/5.0 (Windows NT 6.1; WOW64) AppleWebKit/537.36 (KHTML, like Gecko) Chrome/32.0.1700.76 Safari/537.36"
117.184.250.101 - - [16/Oct/2018:12:49:58 +0800] "GET /media/system/js/tab.js HTTP/1.1" 200 12 "https://119.28.223.142/" "Mozilla/5.0 (Windows NT 6.1; WOW64) AppleWebKit/537.36 (KHTML, like Gecko) Chrome/32.0.1700.76 Safari/537.36"
117.184.250.101 - - [16/Oct/2018:12:49:58 +0800] "GET /media/system/css/mootree.css HTTP/1.1" 200 12 "https://119.28.223.142/" "Mozilla/5.0 (Windows NT 6.1; WOW64) AppleWebKit/537.36 (KHTML, like Gecko) Chrome/32.0.1700.76 Safari/537.36"
117.184.250.101 - - [16/Oct/2018:12:49:58 +0800] "GET /lang/zh/front.js HTTP/1.1" 200 12 "https://119.28.223.142/" "Mozilla/5.0 (Windows NT 6.1; WOW64) AppleWebKit/537.36 (KHTML, like Gecko) Chrome/32.0.1700.76 Safari/537.36"
117.184.250.101 - - [16/Oct/2018:12:49:58 +0800] "GET /style/default/content.css HTTP/1.1" 200 12 "https://119.28.223.142/" "Mozilla/5.0 (Windows NT 6.1; WOW64) AppleWebKit/537.36 (KHTML, like Gecko) Chrome/32.0.1700.76 Safari/537.36"
117.184.250.101 - - [16/Oct/2018:12:49:58 +0800] "GET /lang/zh/edit.js HTTP/1.1" 200 12 "https://119.28.223.142/" "Mozilla/5.0 (Windows NT 6.1; WOW64) AppleWebKit/537.36 (KHTML, like Gecko) Chrome/32.0.1700.76 Safari/537.36"
117.184.250.101 - - [16/Oct/2018:12:49:58 +0800] "GET /rockmongo/ HTTP/1.1" 200 12 "https://119.28.223.142/" "Mozilla/5.0 (Windows NT 6.1; WOW64) AppleWebKit/537.36 (KHTML, like Gecko) Chrome/32.0.1700.76 Safari/537.36"
117.184.250.101 - - [16/Oct/2018:12:49:59 +0800] "GET /server-status HTTP/1.1" 200 12 "https://119.28.223.142/" "Mozilla/5.0 (Windows NT 6.1; WOW64) AppleWebKit/537.36 (KHTML, like Gecko) Chrome/32.0.1700.76 Safari/537.36"
117.184.250.101 - - [16/Oct/2018:12:49:59 +0800] "GET /ueditor.all.js HTTP/1.1" 200 12 "https://119.28.223.142/" "Mozilla/5.0 (Windows NT 6.1; WOW64) AppleWebKit/537.36 (KHTML, like Gecko) Chrome/32.0.1700.76 Safari/537.36"
117.184.250.101 - - [16/Oct/2018:12:49:59 +0800] "GET /wikilib.d/PmWiki.ChangeLog HTTP/1.1" 200 12 "https://119.28.223.142/" "Mozilla/5.0 (Windows NT 6.1; WOW64) AppleWebKit/537.36 (KHTML, like Gecko) Chrome/32.0.1700.76 Safari/537.36"
117.184.250.101 - - [16/Oct/2018:12:49:59 +0800] "GET /4e5e5d7364f443e28fbf0d3ae744a59a HTTP/1.1" 200 12 "https://119.28.223.142/" "Mozilla/5.0 (Windows NT 6.1; WOW64) AppleWebKit/537.36 (KHTML, like Gecko) Chrome/32.0.1700.76 Safari/537.36"
117.184.250.101 - - [16/Oct/2018:12:49:59 +0800] "GET /jenkins/ HTTP/1.1" 200 12 "https://119.28.223.142/" "Mozilla/5.0 (Windows NT 6.1; WOW64) AppleWebKit/537.36 (KHTML, like Gecko) Chrome/32.0.1700.76 Safari/537.36"
117.184.250.101 - - [16/Oct/2018:12:49:59 +0800] "GET /console/login/LoginForm.jsp HTTP/1.1" 200 12 "https://119.28.223.142/" "Mozilla/5.0 (Windows NT 6.1; WOW64) AppleWebKit/537.36 (KHTML, like Gecko) Chrome/32.0.1700.76 Safari/537.36"
117.184.250.101 - - [16/Oct/2018:12:49:59 +0800] "GET /solr/ HTTP/1.1" 200 12 "https://119.28.223.142/" "Mozilla/5.0 (Windows NT 6.1; WOW64) AppleWebKit/537.36 (KHTML, like Gecko) Chrome/32.0.1700.76 Safari/537.36"
117.184.250.101 - - [16/Oct/2018:12:49:59 +0800] "GET / HTTP/1.1" 200 12 "https://119.28.223.142/" "Mozilla/5.0 (Windows NT 6.1; WOW64) AppleWebKit/537.36 (KHTML, like Gecko) Chrome/32.0.1700.76 Safari/537.36"
71.6.232.7 - - [16/Oct/2018:13:42:27 +0800] "GET / HTTP/1.1" 200 12 "-" "Mozilla/5.0 (Windows NT 10.0; Win64; x64) AppleWebKit/537.36 (KHTML, like Gecko) Chrome/57.0.2987.133 Safari/537.36"
106.14.120.193 - - [16/Oct/2018:14:17:22 +0800] "GET / HTTP/1.1" 200 12 "-" "Mozilla/5.0 (iPhone; CPU iPhone OS 8_0_2 like Mac OS X)"
185.209.0.12 - - [16/Oct/2018:15:56:38 +0800] "\x03\x00\x00/*\xE0\x00\x00\x00\x00\x00Cookie: mstshash=Administr" 400 173 "-" "-"
221.231.6.240 - - [16/Oct/2018:16:06:30 +0800] "GET /script/multiupload/uploadify.css HTTP/1.1" 400 673 "http://119.28.223.142:443" "Mozilla/5.0 (Macintosh; Intel Mac OS X 10_14_0) AppleWebKit/537.36 (KHTML, like Gecko) Chrome/65.0.3325.181 Safari/537.36 QQBrowser/4.4.119.400"
221.231.6.240 - - [16/Oct/2018:16:06:32 +0800] "GET /uploadify/uploadify.css HTTP/1.1" 400 673 "http://119.28.223.142:443" "Mozilla/5.0 (Macintosh; Intel Mac OS X 10_14_0) AppleWebKit/537.36 (KHTML, like Gecko) Chrome/65.0.3325.181 Safari/537.36 QQBrowser/4.4.119.400"
221.231.6.240 - - [16/Oct/2018:16:06:32 +0800] "GET /admin/uploadify/uploadify.css HTTP/1.1" 400 673 "http://119.28.223.142:443" "Mozilla/5.0 (Macintosh; Intel Mac OS X 10_14_0) AppleWebKit/537.36 (KHTML, like Gecko) Chrome/65.0.3325.181 Safari/537.36 QQBrowser/4.4.119.400"
221.231.6.240 - - [16/Oct/2018:16:06:34 +0800] "GET /Public/uploadify/uploadify.css HTTP/1.1" 400 673 "http://119.28.223.142:443" "Mozilla/5.0 (Macintosh; Intel Mac OS X 10_14_0) AppleWebKit/537.36 (KHTML, like Gecko) Chrome/65.0.3325.181 Safari/537.36 QQBrowser/4.4.119.400"
221.231.6.240 - - [16/Oct/2018:16:06:35 +0800] "GET /js/uploadify/uploadify.css HTTP/1.1" 400 673 "http://119.28.223.142:443" "Mozilla/5.0 (Macintosh; Intel Mac OS X 10_14_0) AppleWebKit/537.36 (KHTML, like Gecko) Chrome/65.0.3325.181 Safari/537.36 QQBrowser/4.4.119.400"
221.231.6.240 - - [16/Oct/2018:16:06:36 +0800] "GET /plugin/uploadify/uploadify.css HTTP/1.1" 400 673 "http://119.28.223.142:443" "Mozilla/5.0 (Macintosh; Intel Mac OS X 10_14_0) AppleWebKit/537.36 (KHTML, like Gecko) Chrome/65.0.3325.181 Safari/537.36 QQBrowser/4.4.119.400"
221.231.6.240 - - [16/Oct/2018:16:06:37 +0800] "GET /public/js/uploadify/uploadify.css HTTP/1.1" 400 673 "http://119.28.223.142:443" "Mozilla/5.0 (Macintosh; Intel Mac OS X 10_14_0) AppleWebKit/537.36 (KHTML, like Gecko) Chrome/65.0.3325.181 Safari/537.36 QQBrowser/4.4.119.400"
221.231.6.240 - - [16/Oct/2018:16:06:38 +0800] "GET /public/uploadify/uploadify.css HTTP/1.1" 400 673 "http://119.28.223.142:443" "Mozilla/5.0 (Macintosh; Intel Mac OS X 10_14_0) AppleWebKit/537.36 (KHTML, like Gecko) Chrome/65.0.3325.181 Safari/537.36 QQBrowser/4.4.119.400"
221.231.6.240 - - [16/Oct/2018:16:06:39 +0800] "GET /uploadify/scripts/uploadify.css HTTP/1.1" 400 673 "http://119.28.223.142:443" "Mozilla/5.0 (Macintosh; Intel Mac OS X 10_14_0) AppleWebKit/537.36 (KHTML, like Gecko) Chrome/65.0.3325.181 Safari/537.36 QQBrowser/4.4.119.400"
221.231.6.240 - - [16/Oct/2018:16:06:40 +0800] "GET /static/js/uploadify/uploadify.css HTTP/1.1" 400 673 "http://119.28.223.142:443" "Mozilla/5.0 (Macintosh; Intel Mac OS X 10_14_0) AppleWebKit/537.36 (KHTML, like Gecko) Chrome/65.0.3325.181 Safari/537.36 QQBrowser/4.4.119.400"
221.231.6.240 - - [16/Oct/2018:16:06:41 +0800] "GET /uploadify.css HTTP/1.1" 400 673 "http://119.28.223.142:443" "Mozilla/5.0 (Macintosh; Intel Mac OS X 10_14_0) AppleWebKit/537.36 (KHTML, like Gecko) Chrome/65.0.3325.181 Safari/537.36 QQBrowser/4.4.119.400"
221.231.6.240 - - [16/Oct/2018:16:06:42 +0800] "GET /css/uploadify/uploadify.css HTTP/1.1" 400 673 "http://119.28.223.142:443" "Mozilla/5.0 (Macintosh; Intel Mac OS X 10_14_0) AppleWebKit/537.36 (KHTML, like Gecko) Chrome/65.0.3325.181 Safari/537.36 QQBrowser/4.4.119.400"
221.231.6.240 - - [16/Oct/2018:16:06:44 +0800] "GET /Public/Admin/uploadify/uploadify.css HTTP/1.1" 400 673 "http://119.28.223.142:443" "Mozilla/5.0 (Macintosh; Intel Mac OS X 10_14_0) AppleWebKit/537.36 (KHTML, like Gecko) Chrome/65.0.3325.181 Safari/537.36 QQBrowser/4.4.119.400"
221.231.6.240 - - [16/Oct/2018:16:06:45 +0800] "GET /lib/uploadify/uploadify.css HTTP/1.1" 400 673 "http://119.28.223.142:443" "Mozilla/5.0 (Macintosh; Intel Mac OS X 10_14_0) AppleWebKit/537.36 (KHTML, like Gecko) Chrome/65.0.3325.181 Safari/537.36 QQBrowser/4.4.119.400"
183.60.210.52 - - [16/Oct/2018:16:56:33 +0800] "GET / HTTP/1.1" 200 12 "https://119.28.223.142" "Mozilla/4.0 (compatible; MSIE 9.0; Windows NT 6.1)"
139.162.78.135 - - [16/Oct/2018:17:34:57 +0800] "GET / HTTP/1.1" 200 12 "-" "Mozilla/5.0 (Windows NT 10.0; WOW64) AppleWebKit/537.36 (KHTML, like Gecko) Chrome/45.0.2454.101 Safari/537.36"
198.108.66.240 - - [16/Oct/2018:17:46:16 +0800] "GET / HTTP/1.1" 200 12 "-" "Mozilla/5.0 zgrab/0.x"
104.192.74.43 - - [16/Oct/2018:18:03:18 +0800] "GET /robots.txt HTTP/1.1" 200 12 "http://www.jonle.live/robots.txt" "Mozilla/5.0 (Macintosh; Intel Mac OS X 10_12_1) AppleWebKit/537.36 (KHTML, like Gecko) Chrome/58.0.3029.110 Safari/537.36"
104.192.74.43 - - [16/Oct/2018:18:03:19 +0800] "GET / HTTP/1.1" 200 12 "http://www.jonle.live" "Mozilla/5.0 (Macintosh; Intel Mac OS X 10_12_1) AppleWebKit/537.36 (KHTML, like Gecko) Chrome/58.0.3029.110 Safari/537.36"
104.192.74.43 - - [16/Oct/2018:18:03:20 +0800] "GET / HTTP/1.1" 200 12 "-" "Mozilla"
59.36.119.226 - - [16/Oct/2018:18:28:59 +0800] "GET / HTTP/1.1" 200 12 "http://www.jonle.live/" "Mozilla/5.0 (iPhone; CPU iPhone OS 9_3_4 like Mac OS X) AppleWebKit/601.1.46 (KHTML, like Gecko) Mobile/13G35 QQ/6.5.3.410 V1_IPH_SQ_6.5.3_1_APP_A Pixel/750 Core/UIWebView NetType/2G Mem/117"
177.69.83.154 - - [16/Oct/2018:18:55:10 +0800] "SSH-2.0-PuTTY_Release_0.63" 400 173 "-" "-"
183.60.210.62 - - [16/Oct/2018:19:01:23 +0800] "GET / HTTP/1.1" 200 12 "https://119.28.223.142" "Mozilla/4.0 (compatible; MSIE 9.0; Windows NT 6.1)"
119.96.96.193 - - [16/Oct/2018:21:03:05 +0800] "GET /otn/leftTicket/init HTTP/1.1" 200 12 "-" "Mozilla/5.0 (Windows NT 10.0; WOW64; Trident/7.0; rv:11.0) like Gecko"
139.162.113.204 - - [16/Oct/2018:21:44:21 +0800] "GET / HTTP/1.1" 200 12 "-" "HTTP Banner Detection (https://security.ipip.net)"
183.60.210.52 - - [16/Oct/2018:21:47:11 +0800] "GET / HTTP/1.1" 200 12 "https://119.28.223.142" "Mozilla/4.0 (compatible; MSIE 9.0; Windows NT 6.1)"
113.237.230.69 - - [16/Oct/2018:23:13:04 +0800] "GET /otn/login/checkUser HTTP/1.1" 200 12 "-" "Mozilla/5.0 (Windows NT 6.1; WOW64) AppleWebKit/537.36 (KHTML, like Gecko) Chrome/55.0.2883.87 Safari/537.36"
184.105.139.69 - - [16/Oct/2018:23:34:47 +0800] "GET / HTTP/1.1" 200 12 "-" "-"
188.166.252.164 - - [17/Oct/2018:02:22:54 +0800] "\xE4\xFEZGCRG\x03\x00\x00\x00\x02\x00\xD8*\xC5\xAA\xA3\x9A`\x9A\xDAW'D\x94\xBD\xA4EK\x808\xE4\xC6.\xF5\x9A\x90\xB2\xA0\xC4=\x03f_\x8F\x83\xB2\xE61b\xD7g\xAB<B\x8Eh\xD2c\x1E)A\x1D\xBC" 400 173 "-" "-"
13.57.233.99 - - [17/Oct/2018:04:58:34 +0800] "GET / HTTP/1.1" 200 12 "-" "Mozilla/5.0 (Macintosh; Intel Mac OS X 10_12_6) AppleWebKit/537.36 (KHTML, like Gecko) Chrome/61.0.3163.100 Safari/537.36"
183.60.210.46 - - [17/Oct/2018:06:58:04 +0800] "GET / HTTP/1.1" 200 12 "https://119.28.223.142" "Mozilla/4.0 (compatible; MSIE 9.0; Windows NT 6.1)"
51.38.12.13 - - [17/Oct/2018:07:38:55 +0800] "GET / HTTP/1.1" 200 12 "-" "Mozilla/5.0 (Windows NT 6.1) AppleWebKit/537.36 (KHTML, like Gecko) Chrome/41.0.2228.0 Safari/537.36"
183.60.210.46 - - [17/Oct/2018:09:22:28 +0800] "GET / HTTP/1.1" 200 12 "https://119.28.223.142" "Mozilla/4.0 (compatible; MSIE 9.0; Windows NT 6.1)"
47.92.90.38 - - [17/Oct/2018:09:35:47 +0800] "GET /bea_wls_deployment_internal HTTP/1.1" 200 12 "-" "Mozilla/5.0 (Windows NT 10.0; Win64; x64; rv:57.0) Gecko/20100101 Firefox/57.0"
82.102.27.10 - - [17/Oct/2018:10:12:49 +0800] "GET /wp-login.php HTTP/1.1" 200 12 "-" "Mozilla/5.0 (Windows; U; Windows NT 6.0) Gecko/20091201 Firefox/3.5.6 GTB5"
82.102.27.10 - - [17/Oct/2018:10:12:54 +0800] "GET /blog/wp-login.php HTTP/1.1" 200 12 "-" "Mozilla/5.0 (Windows; U; Windows NT 6.0) Gecko/20091201 Firefox/3.5.6 GTB5"
82.102.27.10 - - [17/Oct/2018:10:12:57 +0800] "GET /wp/wp-login.php HTTP/1.1" 200 12 "-" "Mozilla/5.0 (Windows; U; Windows NT 6.0) Gecko/20091201 Firefox/3.5.6 GTB5"
82.102.27.10 - - [17/Oct/2018:10:12:59 +0800] "GET /wordpress/wp-login.php HTTP/1.1" 200 12 "-" "Mozilla/5.0 (Windows; U; Windows NT 6.0) Gecko/20091201 Firefox/3.5.6 GTB5"
180.76.153.102 - - [17/Oct/2018:10:53:05 +0800] "GET /bea_wls_deployment_internal HTTP/1.1" 200 12 "-" "Mozilla/5.0 (Windows NT 10.0; Win64; x64; rv:57.0) Gecko/20100101 Firefox/57.0"
180.76.153.102 - - [17/Oct/2018:10:53:05 +0800] "GET /bea_wls_deployment_internal HTTP/1.1" 200 12 "-" "Mozilla/5.0 (Windows NT 10.0; Win64; x64; rv:57.0) Gecko/20100101 Firefox/57.0"
180.76.153.102 - - [17/Oct/2018:10:53:07 +0800] "GET /_phpMyAdmin/scripts/setup.php HTTP/1.1" 200 12 "-" "Mozilla/5.0 (Windows NT 10.0; Win64; x64; rv:57.0) Gecko/20100101 Firefox/57.0"
180.76.153.102 - - [17/Oct/2018:10:53:08 +0800] "GET /scripts/setup.php HTTP/1.1" 200 12 "-" "Mozilla/5.0 (Windows NT 10.0; Win64; x64; rv:57.0) Gecko/20100101 Firefox/57.0"
180.76.153.102 - - [17/Oct/2018:10:53:10 +0800] "GET /pma/scripts/setup.php HTTP/1.1" 200 12 "-" "Mozilla/5.0 (Windows NT 10.0; Win64; x64; rv:57.0) Gecko/20100101 Firefox/57.0"
180.76.153.102 - - [17/Oct/2018:10:53:11 +0800] "GET /phpmyadmin/scripts/setup.php HTTP/1.1" 200 12 "-" "Mozilla/5.0 (Windows NT 10.0; Win64; x64; rv:57.0) Gecko/20100101 Firefox/57.0"
180.76.153.102 - - [17/Oct/2018:10:53:11 +0800] "GET /phpMyAdmin/scripts/setup.php HTTP/1.1" 200 12 "-" "Mozilla/5.0 (Windows NT 10.0; Win64; x64; rv:57.0) Gecko/20100101 Firefox/57.0"
114.67.227.32 - - [17/Oct/2018:11:01:13 +0800] "GET /bea_wls_deployment_internal HTTP/1.1" 200 12 "-" "Mozilla/5.0 (Windows NT 10.0; Win64; x64; rv:57.0) Gecko/20100101 Firefox/57.0"
114.67.227.32 - - [17/Oct/2018:11:01:14 +0800] "GET /_phpMyAdmin/scripts/setup.php HTTP/1.1" 200 12 "-" "Mozilla/5.0 (Windows NT 10.0; Win64; x64; rv:57.0) Gecko/20100101 Firefox/57.0"
114.67.227.32 - - [17/Oct/2018:11:01:14 +0800] "GET /scripts/setup.php HTTP/1.1" 200 12 "-" "Mozilla/5.0 (Windows NT 10.0; Win64; x64; rv:57.0) Gecko/20100101 Firefox/57.0"
114.67.227.32 - - [17/Oct/2018:11:01:14 +0800] "GET /pma/scripts/setup.php HTTP/1.1" 200 12 "-" "Mozilla/5.0 (Windows NT 10.0; Win64; x64; rv:57.0) Gecko/20100101 Firefox/57.0"
114.67.227.32 - - [17/Oct/2018:11:01:15 +0800] "GET /phpmyadmin/scripts/setup.php HTTP/1.1" 200 12 "-" "Mozilla/5.0 (Windows NT 10.0; Win64; x64; rv:57.0) Gecko/20100101 Firefox/57.0"
114.67.227.32 - - [17/Oct/2018:11:01:15 +0800] "GET /phpMyAdmin/scripts/setup.php HTTP/1.1" 200 12 "-" "Mozilla/5.0 (Windows NT 10.0; Win64; x64; rv:57.0) Gecko/20100101 Firefox/57.0"
198.108.67.16 - - [17/Oct/2018:12:07:15 +0800] "GET / HTTP/1.1" 200 12 "-" "Mozilla/5.0 zgrab/0.x"
157.55.39.0 - - [17/Oct/2018:12:28:56 +0800] "GET /robots.txt HTTP/1.1" 200 12 "-" "Mozilla/5.0 (compatible; bingbot/2.0; +http://www.bing.com/bingbot.htm)"
207.46.13.38 - - [17/Oct/2018:12:28:59 +0800] "GET / HTTP/1.1" 200 12 "-" "Mozilla/5.0 (compatible; bingbot/2.0; +http://www.bing.com/bingbot.htm)"
157.55.39.0 - - [17/Oct/2018:12:29:02 +0800] "GET /robots.txt HTTP/1.1" 200 12 "-" "Mozilla/5.0 (compatible; bingbot/2.0; +http://www.bing.com/bingbot.htm)"
47.92.33.91 - - [17/Oct/2018:13:29:00 +0800] "GET / HTTP/1.1" 200 12 "-" "Mozilla/5.0 (iPhone; CPU iPhone OS 8_0_2 like Mac OS X)"
221.231.6.240 - - [17/Oct/2018:14:29:19 +0800] "GET /include/kindeditor/kindeditor.js HTTP/1.1" 400 673 "http://119.28.223.142:443" "Mozilla/5.0 (Macintosh; Intel Mac OS X 10_14_0) AppleWebKit/537.36 (KHTML, like Gecko) Chrome/65.0.3325.181 Safari/537.36 QQBrowser/4.4.119.400"
221.231.6.240 - - [17/Oct/2018:14:29:19 +0800] "GET /editor/kindeditor/kindeditor.js HTTP/1.1" 400 673 "http://119.28.223.142:443" "Mozilla/5.0 (Macintosh; Intel Mac OS X 10_14_0) AppleWebKit/537.36 (KHTML, like Gecko) Chrome/65.0.3325.181 Safari/537.36 QQBrowser/4.4.119.400"
221.231.6.240 - - [17/Oct/2018:14:29:20 +0800] "GET /admin/editor/kindeditor.js HTTP/1.1" 400 673 "http://119.28.223.142:443" "Mozilla/5.0 (Macintosh; Intel Mac OS X 10_14_0) AppleWebKit/537.36 (KHTML, like Gecko) Chrome/65.0.3325.181 Safari/537.36 QQBrowser/4.4.119.400"
221.231.6.240 - - [17/Oct/2018:14:29:20 +0800] "GET /KindEditor/kindeditor.js HTTP/1.1" 400 673 "http://119.28.223.142:443" "Mozilla/5.0 (Macintosh; Intel Mac OS X 10_14_0) AppleWebKit/537.36 (KHTML, like Gecko) Chrome/65.0.3325.181 Safari/537.36 QQBrowser/4.4.119.400"
221.231.6.240 - - [17/Oct/2018:14:29:22 +0800] "GET /kindeditor/kindeditor.js HTTP/1.1" 400 673 "http://119.28.223.142:443" "Mozilla/5.0 (Macintosh; Intel Mac OS X 10_14_0) AppleWebKit/537.36 (KHTML, like Gecko) Chrome/65.0.3325.181 Safari/537.36 QQBrowser/4.4.119.400"
221.231.6.240 - - [17/Oct/2018:14:29:23 +0800] "GET /editor/kindeditor.js HTTP/1.1" 400 673 "http://119.28.223.142:443" "Mozilla/5.0 (Macintosh; Intel Mac OS X 10_14_0) AppleWebKit/537.36 (KHTML, like Gecko) Chrome/65.0.3325.181 Safari/537.36 QQBrowser/4.4.119.400"
14.17.3.65 - - [17/Oct/2018:15:57:52 +0800] "GET /scripts/setup.php HTTP/1.1" 200 12 "http://jonle.live/scripts/setup.php" "Mozilla/5.0 (iPhone; CPU iPhone OS 9_3_4 like Mac OS X) AppleWebKit/601.1.46 (KHTML, like Gecko) Mobile/13G35 QQ/6.5.3.410 V1_IPH_SQ_6.5.3_1_APP_A Pixel/750 Core/UIWebView NetType/2G Mem/117"
183.60.210.52 - - [17/Oct/2018:16:23:02 +0800] "GET / HTTP/1.1" 200 12 "https://119.28.223.142" "Mozilla/4.0 (compatible; MSIE 9.0; Windows NT 6.1)"
104.192.74.30 - - [17/Oct/2018:16:31:09 +0800] "GET /robots.txt HTTP/1.1" 200 12 "http://www.jonle.live/robots.txt" "Mozilla/5.0 (Macintosh; Intel Mac OS X 10_12_1) AppleWebKit/537.36 (KHTML, like Gecko) Chrome/58.0.3029.110 Safari/537.36"
104.192.74.30 - - [17/Oct/2018:16:31:11 +0800] "GET / HTTP/1.1" 200 12 "http://www.jonle.live" "Mozilla/5.0 (Macintosh; Intel Mac OS X 10_12_1) AppleWebKit/537.36 (KHTML, like Gecko) Chrome/58.0.3029.110 Safari/537.36"
104.192.74.30 - - [17/Oct/2018:16:31:12 +0800] "GET / HTTP/1.1" 200 12 "-" "Mozilla"
221.204.230.58 - - [17/Oct/2018:17:26:24 +0800] "GET / HTTP/1.1" 400 673 "-" "User-Agent:Mozilla/4.0 (compatible; MSIE 6.0; Windows NT 5.2; .NET CLR 1.0.3705"
47.97.164.21 - - [17/Oct/2018:18:44:11 +0800] "GET /bea_wls_deployment_internal HTTP/1.1" 200 12 "-" "Mozilla/5.0 (Windows NT 10.0; Win64; x64; rv:57.0) Gecko/20100101 Firefox/57.0"
183.60.210.52 - - [17/Oct/2018:19:56:24 +0800] "GET / HTTP/1.1" 200 12 "https://119.28.223.142" "Mozilla/4.0 (compatible; MSIE 9.0; Windows NT 6.1)"
188.218.233.176 - - [17/Oct/2018:20:29:03 +0800] "GET / HTTP/1.1" 200 12 "-" "curl/7.43.0"
113.237.230.69 - - [17/Oct/2018:21:42:28 +0800] "GET /otn/login/checkUser HTTP/1.1" 200 12 "-" "Mozilla/5.0 (Windows NT 6.1; WOW64) AppleWebKit/537.36 (KHTML, like Gecko) Chrome/55.0.2883.87 Safari/537.36"
216.218.206.68 - - [17/Oct/2018:23:15:17 +0800] "GET / HTTP/1.1" 200 12 "-" "-"
60.191.38.77 - - [17/Oct/2018:23:27:54 +0800] "GET / HTTP/1.1" 200 12 "-" "Mozilla/5.0 (Macintosh; Intel Mac OS X 10.11; rv:47.0) Gecko/20100101 Firefox/47.0"
183.0.214.66 - - [17/Oct/2018:23:53:05 +0800] "HEAD /search?q=g HTTP/1.1" 200 0 "-" "-"
183.0.214.66 - - [17/Oct/2018:23:53:05 +0800] "GET /2.0.3.9 HTTP/1.1" 200 12 "-" "-"
40.77.167.177 - - [18/Oct/2018:00:06:47 +0800] "GET / HTTP/1.1" 200 12 "-" "Mozilla/5.0 (compatible; bingbot/2.0; +http://www.bing.com/bingbot.htm)"
180.97.106.39 - - [18/Oct/2018:00:26:00 +0800] "HEAD http://180.163.113.82/check_proxy HTTP/1.1" 400 0 "-" "-"
52.53.201.78 - - [18/Oct/2018:01:22:36 +0800] "GET / HTTP/1.1" 200 12 "http://www.jonle.live/" "Mozilla/5.0 (Macintosh; Intel Mac OS X 10_12_6) AppleWebKit/537.36 (KHTML, like Gecko) Chrome/61.0.3163.100 Safari/537.36"
180.97.106.39 - - [18/Oct/2018:02:43:06 +0800] "\x04\x01\x00P\xB4\xA3qR\x00" 400 173 "-" "-"
61.216.152.135 - - [18/Oct/2018:02:48:54 +0800] "\x01A\x02\x00\x00\x00\x00\x00\x00\x00\x00\x00\x00\x00\x00\x00\x00\x00\x00\x00\x00\x00\x00\x00\x00\x00\x00\x00\x00\x00\x00\x00\x00\x00\x00\x00\x00\x00\x00\x00\x00\x00\x00\x00\x00\x00\x00\x00\x00\x00\x00\x00\x00\x00\x00\x00\x00\x00\x00\x00\x00\x00\x00\x00\x00\x00\x00\x00\x00\x00\x00\x00\x00\x00\x00\x00\x00\x00\x00\x00\x00\x00\x00\x00\x00\x00\x00\x00\x00\x00\x00\x00\x00\x00\x00\x00\x00\x00\x00\x00\x00\x00\x00\x00\x00\x00\x00\x00\x00\x00\x00\x00\x00\x00\x00\x00\x00\x00\x00\x00\x00\x00\x00\x00\x00\x00\x00\x00\x00\x00\x00\x00\x00\x00\x00\x00\x00\x00\x00\x00\x00\x00\x00\x00\x00\x00\x00\x00\x00\x00\x00\x00\x00\x00\x00\x00\x00\x00\x00\x00\x00\x00\x00\x00\x00\x00\x00\x00\x00\x00\x00\x00\x00\x00\x00\x00\x00\x00\x00\x00\x00\x00\x00\x00\x00\x00\x00\x00\x00\x00\x00\x00\x00\x00\x00\x00\x00\x00\x00\x00\x00\x00\x00\x00\x00\x00\x00\x00\x00\x00\x00\x00\x00\x00\x00\x00\x00\x00\x00\x00\x00\x00\x00\x00\x00\x00\x00\x00\x00\x00\x00\x00\x00\x00\x00\x00\x00\x00\x00\x00\x00\x00\x00\x00\x00\x00\x00\x00\x00\x00\x00\x00\x00\x00\x00\x00\x00\x00\x00" 400 173 "-" "-"
180.97.106.39 - - [18/Oct/2018:03:06:49 +0800] "\x05\x02\x00\x02" 400 173 "-" "-"
47.100.126.89 - - [18/Oct/2018:05:14:36 +0800] "GET / HTTP/1.1" 200 12 "-" "Mozilla/5.0 (iPhone; CPU iPhone OS 8_0_2 like Mac OS X)"
183.60.210.52 - - [18/Oct/2018:07:08:35 +0800] "GET / HTTP/1.1" 200 12 "https://119.28.223.142" "Mozilla/4.0 (compatible; MSIE 9.0; Windows NT 6.1)"
178.73.215.171 - - [18/Oct/2018:09:39:58 +0800] "GET / HTTP/1.0" 200 2 "-" "-"
163.177.90.152 - - [18/Oct/2018:09:51:54 +0800] "GET / HTTP/1.1" 200 12 "http://www.jonle.live/" "Mozilla/5.0 (iPhone; CPU iPhone OS 9_3_4 like Mac OS X) AppleWebKit/601.1.46 (KHTML, like Gecko) Mobile/13G35 QQ/6.5.3.410 V1_IPH_SQ_6.5.3_1_APP_A Pixel/750 Core/UIWebView NetType/2G Mem/117"
163.172.4.153 - - [18/Oct/2018:09:55:53 +0800] "GET / HTTP/1.1" 200 12 "https://www.jonle.live/" "Mozilla/5.0 (Macintosh; Intel Mac OS X 10_12_4) AppleWebKit/537.36 (KHTML, like Gecko) Chrome/58.0.3029.96 Safari/537.36"
183.60.210.46 - - [18/Oct/2018:10:20:00 +0800] "GET / HTTP/1.1" 200 12 "https://119.28.223.142" "Mozilla/4.0 (compatible; MSIE 9.0; Windows NT 6.1)"
74.208.90.1 - - [18/Oct/2018:10:29:28 +0800] "GET /status HTTP/1.1" 200 12 "-" "Mozilla/5.0 (Windows NT 10.0; Win64; x64; rv:57.0) Gecko/20100101 Firefox/57.0"
47.92.5.11 - - [18/Oct/2018:11:38:33 +0800] "GET / HTTP/1.1" 200 12 "-" "Mozilla/5.0 (iPhone; CPU iPhone OS 8_0_2 like Mac OS X)"
188.166.252.164 - - [18/Oct/2018:11:59:15 +0800] "\xE4\xFEZGCRG\x03\x00\x00\x00\x02\x00\xD8*\xC5\xAA\xA3\x9A`\x9A\xDAW'D\x94\xBD\xA4EK\x808\xE4\xC6.\xF5\x9A\x90\xB2\xA0\xC4=\x03f_\x8F\x83\xB2\xE61b\xD7g\xAB<B\x8Eh\xD2c\x1E)A\x1D\xBC" 400 173 "-" "-"
183.60.210.46 - - [18/Oct/2018:13:53:55 +0800] "GET / HTTP/1.1" 200 12 "https://119.28.223.142" "Mozilla/4.0 (compatible; MSIE 9.0; Windows NT 6.1)"
185.209.0.12 - - [18/Oct/2018:15:51:49 +0800] "\x03\x00\x00/*\xE0\x00\x00\x00\x00\x00Cookie: mstshash=Administr" 400 173 "-" "-"
206.180.165.147 - - [18/Oct/2018:17:22:07 +0800] "GET / HTTP/1.1" 200 12 "-" "Mozilla/5.0 (Windows NT 10.0; Win64; x64) AppleWebKit/537.36 (KHTML, like Gecko) Chrome/65.0.3325.181 Safari/537.36"
183.60.210.52 - - [18/Oct/2018:17:29:47 +0800] "GET / HTTP/1.1" 200 12 "https://119.28.223.142" "Mozilla/4.0 (compatible; MSIE 9.0; Windows NT 6.1)"
104.192.74.21 - - [18/Oct/2018:19:02:31 +0800] "GET /robots.txt HTTP/1.1" 200 12 "http://www.jonle.live/robots.txt" "Mozilla/5.0 (Macintosh; Intel Mac OS X 10_12_1) AppleWebKit/537.36 (KHTML, like Gecko) Chrome/58.0.3029.110 Safari/537.36"
104.192.74.21 - - [18/Oct/2018:19:02:32 +0800] "GET / HTTP/1.1" 200 12 "http://www.jonle.live" "Mozilla/5.0 (Macintosh; Intel Mac OS X 10_12_1) AppleWebKit/537.36 (KHTML, like Gecko) Chrome/58.0.3029.110 Safari/537.36"
104.192.74.21 - - [18/Oct/2018:19:02:33 +0800] "GET / HTTP/1.1" 200 12 "-" "Mozilla"
185.156.177.12 - - [18/Oct/2018:19:27:34 +0800] "\x03\x00\x00/*\xE0\x00\x00\x00\x00\x00Cookie: mstshash=Administr" 400 173 "-" "-"
185.143.223.55 - - [18/Oct/2018:19:54:51 +0800] "\x03\x00\x00*%\xE0\x00\x00\x00\x00\x00Cookie: mstshash=Test" 400 173 "-" "-"
185.143.223.55 - - [18/Oct/2018:19:54:52 +0800] "\x03\x00\x00*%\xE0\x00\x00\x00\x00\x00Cookie: mstshash=Test" 400 173 "-" "-"
120.78.249.137 - - [18/Oct/2018:20:22:45 +0800] "GET /console/css/dashboard-min.css HTTP/1.1" 200 12 "-" "Mozilla/5.0 (Windows NT 10.0; Win64; x64; rv:57.0) Gecko/20100101 Firefox/57.0"
101.226.114.193 - - [18/Oct/2018:22:20:20 +0800] "GET / HTTP/1.1" 200 12 "http://jonle.live/" "Mozilla/5.0 (iPhone; CPU iPhone OS 9_3_4 like Mac OS X) AppleWebKit/601.1.46 (KHTML, like Gecko) Mobile/13G35 QQ/6.5.3.410 V1_IPH_SQ_6.5.3_1_APP_A Pixel/750 Core/UIWebView NetType/2G Mem/117"
74.82.47.3 - - [19/Oct/2018:00:03:06 +0800] "GET / HTTP/1.1" 200 12 "-" "-"
118.163.24.179 - - [19/Oct/2018:01:10:08 +0800] "GET /console/css/dashboard-min.css HTTP/1.1" 200 12 "-" "Mozilla/5.0 (Windows NT 10.0; Win64; x64; rv:57.0) Gecko/20100101 Firefox/57.0"
118.163.24.179 - - [19/Oct/2018:01:10:09 +0800] "GET /status HTTP/1.1" 200 12 "-" "Mozilla/5.0 (Windows NT 10.0; Win64; x64; rv:57.0) Gecko/20100101 Firefox/57.0"
213.186.170.226 - - [19/Oct/2018:02:00:50 +0800] "SSH-2.0-PuTTY_Release_0.63" 400 173 "-" "-"
58.16.19.102 - - [19/Oct/2018:03:43:02 +0800] "GET /console/css/dashboard-min.css HTTP/1.1" 200 12 "-" "Mozilla/5.0 (Windows NT 10.0; Win64; x64; rv:57.0) Gecko/20100101 Firefox/57.0"
222.186.31.27 - - [19/Oct/2018:04:35:54 +0800] "GET / HTTP/1.1" 200 12 "https://119.28.223.142" "Mozilla/4.0 (compatible; MSIE 9.0; Windows NT 6.1)"
39.104.15.213 - - [19/Oct/2018:05:02:46 +0800] "GET /console/css/dashboard-min.css HTTP/1.1" 200 12 "-" "Mozilla/5.0 (Windows NT 10.0; Win64; x64; rv:57.0) Gecko/20100101 Firefox/57.0"
39.104.15.213 - - [19/Oct/2018:05:02:46 +0800] "GET /status HTTP/1.1" 200 12 "-" "Mozilla/5.0 (Windows NT 10.0; Win64; x64; rv:57.0) Gecko/20100101 Firefox/57.0"
120.132.3.65 - - [19/Oct/2018:06:07:46 +0800] "\x00\x9C\x00\x01\x1A+<M\x00\x01\x00\x00\x01\x00\x00\x00\x00\x00\x00\x03\x00\x00\x00\x03\xFF\xFF\x00\x01local\x00\x00\x00\x00\x00\x00\x00\x00\x00\x00\x00\x00\x00\x00\x00\x00\x00\x00\x00\x00\x00\x00\x00\x00\x00\x00\x00\x00\x00\x00\x00\x00\x00\x00\x00\x00\x00\x00\x00\x00\x00\x00\x00\x00\x00\x00\x00\x00\x00\x00\x00\x00\x00\x00\x00\x00\x00\x00\x00cananian\x00\x00\x00\x00\x00\x00\x00\x00\x00\x00\x00\x00\x00\x00\x00\x00\x00\x00\x00\x00\x00\x00\x00\x00\x00\x00\x00\x00\x00\x00\x00\x00\x00\x00\x00\x00\x00\x00\x00\x00\x00\x00\x00\x00\x00\x00\x00\x00\x00\x00\x00\x00\x00\x00\x00\x00" 400 173 "-" "-"
13.57.233.99 - - [19/Oct/2018:07:11:20 +0800] "GET / HTTP/1.1" 200 12 "-" "Mozilla/5.0 (Macintosh; Intel Mac OS X 10_12_6) AppleWebKit/537.36 (KHTML, like Gecko) Chrome/61.0.3163.100 Safari/537.36"
139.162.116.133 - - [19/Oct/2018:08:36:27 +0800] "GET / HTTP/1.1" 200 12 "-" "HTTP Banner Detection (https://security.ipip.net)"
140.143.23.235 - - [19/Oct/2018:08:42:08 +0800] "GET /console/css/dashboard-min.css HTTP/1.1" 200 12 "-" "Mozilla/5.0 (Windows NT 10.0; Win64; x64; rv:57.0) Gecko/20100101 Firefox/57.0"
140.143.23.235 - - [19/Oct/2018:08:42:12 +0800] "GET /status HTTP/1.1" 200 12 "-" "Mozilla/5.0 (Windows NT 10.0; Win64; x64; rv:57.0) Gecko/20100101 Firefox/57.0"
60.191.38.77 - - [19/Oct/2018:09:44:53 +0800] "GET / HTTP/1.1" 200 12 "-" "Mozilla/5.0 (Macintosh; Intel Mac OS X 10.11; rv:47.0) Gecko/20100101 Firefox/47.0"
183.60.210.52 - - [19/Oct/2018:11:59:39 +0800] "GET / HTTP/1.1" 200 12 "https://119.28.223.142" "Mozilla/4.0 (compatible; MSIE 9.0; Windows NT 6.1)"
221.231.6.240 - - [19/Oct/2018:12:08:32 +0800] "GET /phpmyadmin/js/server_status_processes.js HTTP/1.1" 400 673 "http://119.28.223.142:443" "Mozilla/5.0 (Macintosh; Intel Mac OS X 10_14_0) AppleWebKit/537.36 (KHTML, like Gecko) Chrome/65.0.3325.181 Safari/537.36 QQBrowser/4.4.119.400"
107.170.204.152 - - [19/Oct/2018:12:24:57 +0800] "GET / HTTP/1.1" 200 12 "-" "Mozilla/5.0 zgrab/0.x"
113.237.230.69 - - [19/Oct/2018:12:37:05 +0800] "GET /otn/login/checkUser HTTP/1.1" 200 12 "-" "Mozilla/5.0 (Windows NT 6.1; WOW64) AppleWebKit/537.36 (KHTML, like Gecko) Chrome/55.0.2883.87 Safari/537.36"
139.224.112.110 - - [19/Oct/2018:12:56:25 +0800] "GET / HTTP/1.1" 200 12 "-" "Mozilla/5.0 (iPhone; CPU iPhone OS 8_0_2 like Mac OS X)"
159.226.20.33 - - [19/Oct/2018:13:16:43 +0800] "GET /console/css/dashboard-min.css HTTP/1.1" 200 12 "-" "Mozilla/5.0 (Windows NT 10.0; Win64; x64; rv:57.0) Gecko/20100101 Firefox/57.0"
159.226.20.33 - - [19/Oct/2018:13:16:44 +0800] "GET /status HTTP/1.1" 200 12 "-" "Mozilla/5.0 (Windows NT 10.0; Win64; x64; rv:57.0) Gecko/20100101 Firefox/57.0"
60.191.20.210 - - [19/Oct/2018:16:52:32 +0800] "GET / HTTP/1.0" 200 2 "-" "-"
5.188.210.12 - - [19/Oct/2018:19:20:08 +0800] "\x05\x01\x00" 400 173 "-" "-"
5.188.210.12 - - [19/Oct/2018:19:20:36 +0800] "\x04\x01\x00P\x05\xBC\xD2\x0C\x00" 400 173 "-" "-"
5.188.210.12 - - [19/Oct/2018:19:22:20 +0800] "GET http://5.188.210.12/echo.php HTTP/1.1" 400 271 "https://www.google.com/" "PxBroker/0.3.1/6401"
119.96.96.193 - - [19/Oct/2018:19:29:26 +0800] "GET /otn/leftTicket/init HTTP/1.1" 200 12 "-" "Mozilla/5.0 (Windows NT 10.0; WOW64; Trident/7.0; rv:11.0) like Gecko"
183.60.210.46 - - [19/Oct/2018:20:01:02 +0800] "GET / HTTP/1.1" 200 12 "https://119.28.223.142" "Mozilla/4.0 (compatible; MSIE 9.0; Windows NT 6.1)"
188.166.252.164 - - [19/Oct/2018:22:31:08 +0800] "\xE4\xFEZGCRG\x03\x00\x00\x00\x02\x00\xD8*\xC5\xAA\xA3\x9A`\x9A\xDAW'D\x94\xBD\xA4EK\x808\xE4\xC6.\xF5\x9A\x90\xB2\xA0\xC4=\x03f_\x8F\x83\xB2\xE61b\xD7g\xAB<B\x8Eh\xD2c\x1E)A\x1D\xBC" 400 173 "-" "-"
113.237.230.69 - - [19/Oct/2018:23:10:11 +0800] "GET /otn/login/checkUser HTTP/1.1" 200 12 "-" "Mozilla/5.0 (Windows NT 6.1; WOW64) AppleWebKit/537.36 (KHTML, like Gecko) Chrome/55.0.2883.87 Safari/537.36"
185.248.100.159 - - [20/Oct/2018:00:37:10 +0800] "GET /assets/logo-95bd99c418ad6ba5b50d0979e95adf465943a6e5f08a3dc5e7a2f6597622210e.svg HTTP/1.1" 200 12 "-" "Mozilla/5.0 (Windows NT 6.1; Win64; x64; rv:60.0) Gecko/20100101 Firefox/60.0"
216.218.206.66 - - [20/Oct/2018:00:48:21 +0800] "GET / HTTP/1.1" 200 12 "-" "-"
13.57.233.99 - - [20/Oct/2018:01:47:51 +0800] "GET / HTTP/1.1" 200 12 "-" "Mozilla/5.0 (Macintosh; Intel Mac OS X 10_12_6) AppleWebKit/537.36 (KHTML, like Gecko) Chrome/61.0.3163.100 Safari/537.36"
113.237.230.69 - - [20/Oct/2018:02:00:39 +0800] "GET /otn/login/checkUser HTTP/1.1" 200 12 "-" "Mozilla/5.0 (Windows NT 6.1; WOW64) AppleWebKit/537.36 (KHTML, like Gecko) Chrome/55.0.2883.87 Safari/537.36"
183.60.210.52 - - [20/Oct/2018:02:52:21 +0800] "GET / HTTP/1.1" 200 12 "https://119.28.223.142" "Mozilla/4.0 (compatible; MSIE 9.0; Windows NT 6.1)"
137.226.113.26 - - [20/Oct/2018:06:20:20 +0800] "GET / HTTP/1.1" 200 12 "-" "Mozilla/5.0 zgrab/0.x (compatible; Researchscan/t12sns; +http://researchscan.comsys.rwth-aachen.de)"
183.60.210.46 - - [20/Oct/2018:06:29:25 +0800] "GET / HTTP/1.1" 200 12 "https://119.28.223.142" "Mozilla/4.0 (compatible; MSIE 9.0; Windows NT 6.1)"
101.132.67.50 - - [20/Oct/2018:06:34:49 +0800] "GET / HTTP/1.1" 200 12 "-" "Mozilla/5.0 (iPhone; CPU iPhone OS 8_0_2 like Mac OS X)"
52.53.201.78 - - [20/Oct/2018:09:30:33 +0800] "GET / HTTP/1.1" 200 12 "http://www.jonle.live/" "Mozilla/5.0 (Macintosh; Intel Mac OS X 10_12_6) AppleWebKit/537.36 (KHTML, like Gecko) Chrome/61.0.3163.100 Safari/537.36"
23.244.65.103 - - [20/Oct/2018:09:34:46 +0800] "GET / HTTP/1.1" 200 12 "-" "Mozilla/5.0 (Windows NT 6.1; Win64; x64; rv:55.0) Gecko/20100101 Firefox/55.0"
185.216.34.230 - - [20/Oct/2018:11:29:58 +0800] "GET /wp-login.php HTTP/1.1" 200 12 "-" "Mozilla/5.0 (Windows; U; Windows NT 6.0) Gecko/20091201 Firefox/3.5.6 GTB5"
185.216.34.230 - - [20/Oct/2018:11:30:00 +0800] "GET /blog/wp-login.php HTTP/1.1" 200 12 "-" "Mozilla/5.0 (Windows; U; Windows NT 6.0) Gecko/20091201 Firefox/3.5.6 GTB5"
185.216.34.230 - - [20/Oct/2018:11:30:02 +0800] "GET /wp/wp-login.php HTTP/1.1" 200 12 "-" "Mozilla/5.0 (Windows; U; Windows NT 6.0) Gecko/20091201 Firefox/3.5.6 GTB5"
185.216.34.230 - - [20/Oct/2018:11:30:07 +0800] "GET /wordpress/wp-login.php HTTP/1.1" 200 12 "-" "Mozilla/5.0 (Windows; U; Windows NT 6.0) Gecko/20091201 Firefox/3.5.6 GTB5"
62.4.14.206 - - [20/Oct/2018:13:22:55 +0800] "GET / HTTP/1.1" 200 12 "-" "Mozilla/5.0 (X11; Ubuntu; Linux x86_64; rv:58.0) Gecko/20100101 Firefox/58.0"
113.237.230.69 - - [20/Oct/2018:14:05:39 +0800] "GET /otn/login/checkUser HTTP/1.1" 200 12 "-" "Mozilla/5.0 (Windows NT 6.1; WOW64) AppleWebKit/537.36 (KHTML, like Gecko) Chrome/55.0.2883.87 Safari/537.36"
185.209.0.12 - - [20/Oct/2018:16:36:46 +0800] "\x03\x00\x00/*\xE0\x00\x00\x00\x00\x00Cookie: mstshash=Administr" 400 173 "-" "-"
183.57.54.43 - - [20/Oct/2018:19:41:56 +0800] "OPTIONS / HTTP/1.0" 400 271 "-" "-"
61.216.152.135 - - [20/Oct/2018:20:16:07 +0800] "\x01\x00\x00\x00" 400 173 "-" "-"
104.192.74.24 - - [20/Oct/2018:20:45:14 +0800] "GET /robots.txt HTTP/1.1" 200 12 "http://www.jonle.live/robots.txt" "Mozilla/5.0 (Macintosh; Intel Mac OS X 10_12_1) AppleWebKit/537.36 (KHTML, like Gecko) Chrome/58.0.3029.110 Safari/537.36"
104.192.74.24 - - [20/Oct/2018:20:45:15 +0800] "GET / HTTP/1.1" 200 12 "http://www.jonle.live" "Mozilla/5.0 (Macintosh; Intel Mac OS X 10_12_1) AppleWebKit/537.36 (KHTML, like Gecko) Chrome/58.0.3029.110 Safari/537.36"
104.192.74.24 - - [20/Oct/2018:20:45:16 +0800] "GET / HTTP/1.1" 200 12 "-" "Mozilla"
206.189.196.216 - - [20/Oct/2018:22:51:38 +0800] "POST /GponForm/diag_Form?style/ HTTP/1.1" 200 12 "-" "curl/7.3.2"
74.82.47.5 - - [21/Oct/2018:00:42:14 +0800] "GET / HTTP/1.1" 200 12 "-" "-"
34.222.141.204 - - [21/Oct/2018:01:29:52 +0800] "GET / HTTP/1.1" 200 12 "http://jonle.live/" "Mozilla/5.0 (Macintosh; Intel Mac OS X 10.13; rv:61.0) Gecko/20100101 Firefox/61.0"
34.222.141.204 - - [21/Oct/2018:01:29:55 +0800] "GET / HTTP/1.1" 200 12 "http://jonle.live/" "Mozilla/5.0 (Macintosh; Intel Mac OS X 10.13; rv:61.0) Gecko/20100101 Firefox/61.0"
185.197.74.251 - - [21/Oct/2018:02:30:32 +0800] "\x03\x00\x00/*\xE0\x00\x00\x00\x00\x00Cookie: mstshash=Administr" 400 173 "-" "-"
47.92.120.136 - - [21/Oct/2018:03:29:21 +0800] "GET / HTTP/1.1" 200 12 "-" "Mozilla/5.0 (iPhone; CPU iPhone OS 8_0_2 like Mac OS X)"
222.186.31.240 - - [21/Oct/2018:04:28:57 +0800] "GET / HTTP/1.1" 200 12 "https://119.28.223.142" "Mozilla/4.0 (compatible; MSIE 9.0; Windows NT 6.1)"
139.224.112.110 - - [21/Oct/2018:06:37:30 +0800] "GET / HTTP/1.1" 200 12 "-" "Mozilla/5.0 (iPhone; CPU iPhone OS 8_0_2 like Mac OS X)"
222.186.31.27 - - [21/Oct/2018:08:01:40 +0800] "GET / HTTP/1.1" 200 12 "https://119.28.223.142" "Mozilla/4.0 (compatible; MSIE 9.0; Windows NT 6.1)"
117.184.250.101 - - [21/Oct/2018:08:20:48 +0800] "GET /wp-includes/js/comment-reply.min.js HTTP/1.1" 200 12 "https://119.28.223.142/" "Mozilla/5.0 (Windows NT 6.1; WOW64) AppleWebKit/537.36 (KHTML, like Gecko) Chrome/32.0.1700.76 Safari/537.36"
117.184.250.101 - - [21/Oct/2018:08:20:48 +0800] "GET /skins/vector/csshover.htc HTTP/1.1" 200 12 "https://119.28.223.142/" "Mozilla/5.0 (Windows NT 6.1; WOW64) AppleWebKit/537.36 (KHTML, like Gecko) Chrome/32.0.1700.76 Safari/537.36"
117.184.250.101 - - [21/Oct/2018:08:20:48 +0800] "GET /misc/states.js HTTP/1.1" 200 12 "https://119.28.223.142/" "Mozilla/5.0 (Windows NT 6.1; WOW64) AppleWebKit/537.36 (KHTML, like Gecko) Chrome/32.0.1700.76 Safari/537.36"
117.184.250.101 - - [21/Oct/2018:08:20:48 +0800] "GET /static/js/md5.js HTTP/1.1" 200 12 "https://119.28.223.142/" "Mozilla/5.0 (Windows NT 6.1; WOW64) AppleWebKit/537.36 (KHTML, like Gecko) Chrome/32.0.1700.76 Safari/537.36"
117.184.250.101 - - [21/Oct/2018:08:20:48 +0800] "GET /include/js/md5.js HTTP/1.1" 200 12 "https://119.28.223.142/" "Mozilla/5.0 (Windows NT 6.1; WOW64) AppleWebKit/537.36 (KHTML, like Gecko) Chrome/32.0.1700.76 Safari/537.36"
117.184.250.101 - - [21/Oct/2018:08:20:48 +0800] "GET /include/js/common.js HTTP/1.1" 200 12 "https://119.28.223.142/" "Mozilla/5.0 (Windows NT 6.1; WOW64) AppleWebKit/537.36 (KHTML, like Gecko) Chrome/32.0.1700.76 Safari/537.36"
117.184.250.101 - - [21/Oct/2018:08:20:48 +0800] "GET /include/js/ajax.js HTTP/1.1" 200 12 "https://119.28.223.142/" "Mozilla/5.0 (Windows NT 6.1; WOW64) AppleWebKit/537.36 (KHTML, like Gecko) Chrome/32.0.1700.76 Safari/537.36"
117.184.250.101 - - [21/Oct/2018:08:20:48 +0800] "GET /res/js/dev/pages/common/global.js HTTP/1.1" 200 12 "https://119.28.223.142/" "Mozilla/5.0 (Windows NT 6.1; WOW64) AppleWebKit/537.36 (KHTML, like Gecko) Chrome/32.0.1700.76 Safari/537.36"
117.184.250.101 - - [21/Oct/2018:08:20:48 +0800] "GET /js/wind_editor.js HTTP/1.1" 200 12 "https://119.28.223.142/" "Mozilla/5.0 (Windows NT 6.1; WOW64) AppleWebKit/537.36 (KHTML, like Gecko) Chrome/32.0.1700.76 Safari/537.36"
117.184.250.101 - - [21/Oct/2018:08:20:49 +0800] "GET /styles/prosilver/template/forum_fn.js HTTP/1.1" 200 12 "https://119.28.223.142/" "Mozilla/5.0 (Windows NT 6.1; WOW64) AppleWebKit/537.36 (KHTML, like Gecko) Chrome/32.0.1700.76 Safari/537.36"
117.184.250.101 - - [21/Oct/2018:08:20:49 +0800] "GET /styles/prosilver/template/styleswitcher.js HTTP/1.1" 200 12 "https://119.28.223.142/" "Mozilla/5.0 (Windows NT 6.1; WOW64) AppleWebKit/537.36 (KHTML, like Gecko) Chrome/32.0.1700.76 Safari/537.36"
117.184.250.101 - - [21/Oct/2018:08:20:49 +0800] "GET /editor/ubb/uploader.js HTTP/1.1" 200 12 "https://119.28.223.142/" "Mozilla/5.0 (Windows NT 6.1; WOW64) AppleWebKit/537.36 (KHTML, like Gecko) Chrome/32.0.1700.76 Safari/537.36"
117.184.250.101 - - [21/Oct/2018:08:20:49 +0800] "GET /template/default/style.css HTTP/1.1" 200 12 "https://119.28.223.142/" "Mozilla/5.0 (Windows NT 6.1; WOW64) AppleWebKit/537.36 (KHTML, like Gecko) Chrome/32.0.1700.76 Safari/537.36"
117.184.250.101 - - [21/Oct/2018:08:20:49 +0800] "GET /static/js/reset.js HTTP/1.1" 200 12 "https://119.28.223.142/" "Mozilla/5.0 (Windows NT 6.1; WOW64) AppleWebKit/537.36 (KHTML, like Gecko) Chrome/32.0.1700.76 Safari/537.36"
117.184.250.101 - - [21/Oct/2018:08:20:49 +0800] "GET /images/js/common.js HTTP/1.1" 200 12 "https://119.28.223.142/" "Mozilla/5.0 (Windows NT 6.1; WOW64) AppleWebKit/537.36 (KHTML, like Gecko) Chrome/32.0.1700.76 Safari/537.36"
117.184.250.101 - - [21/Oct/2018:08:20:49 +0800] "GET /templets/style/dede.css HTTP/1.1" 200 12 "https://119.28.223.142/" "Mozilla/5.0 (Windows NT 6.1; WOW64) AppleWebKit/537.36 (KHTML, like Gecko) Chrome/32.0.1700.76 Safari/537.36"
117.184.250.101 - - [21/Oct/2018:08:20:49 +0800] "GET /include/dedeajax2.js HTTP/1.1" 200 12 "https://119.28.223.142/" "Mozilla/5.0 (Windows NT 6.1; WOW64) AppleWebKit/537.36 (KHTML, like Gecko) Chrome/32.0.1700.76 Safari/537.36"
117.184.250.101 - - [21/Oct/2018:08:20:49 +0800] "GET /images/default/inc.js HTTP/1.1" 200 12 "https://119.28.223.142/" "Mozilla/5.0 (Windows NT 6.1; WOW64) AppleWebKit/537.36 (KHTML, like Gecko) Chrome/32.0.1700.76 Safari/537.36"
117.184.250.101 - - [21/Oct/2018:08:20:49 +0800] "GET /js/lang/core/zh-cn.js HTTP/1.1" 200 12 "https://119.28.223.142/" "Mozilla/5.0 (Windows NT 6.1; WOW64) AppleWebKit/537.36 (KHTML, like Gecko) Chrome/32.0.1700.76 Safari/537.36"
117.184.250.101 - - [21/Oct/2018:08:20:50 +0800] "GET /js/lang/cms/zh-cn.js HTTP/1.1" 200 12 "https://119.28.223.142/" "Mozilla/5.0 (Windows NT 6.1; WOW64) AppleWebKit/537.36 (KHTML, like Gecko) Chrome/32.0.1700.76 Safari/537.36"
117.184.250.101 - - [21/Oct/2018:08:20:50 +0800] "GET /d/js/acmsd/ecms_dialog.js HTTP/1.1" 200 12 "https://119.28.223.142/" "Mozilla/5.0 (Windows NT 6.1; WOW64) AppleWebKit/537.36 (KHTML, like Gecko) Chrome/32.0.1700.76 Safari/537.36"
117.184.250.101 - - [21/Oct/2018:08:20:50 +0800] "GET /skin/default/js/tabs.js HTTP/1.1" 200 12 "https://119.28.223.142/" "Mozilla/5.0 (Windows NT 6.1; WOW64) AppleWebKit/537.36 (KHTML, like Gecko) Chrome/32.0.1700.76 Safari/537.36"
117.184.250.101 - - [21/Oct/2018:08:20:50 +0800] "GET /media/system/js/tab.js HTTP/1.1" 200 12 "https://119.28.223.142/" "Mozilla/5.0 (Windows NT 6.1; WOW64) AppleWebKit/537.36 (KHTML, like Gecko) Chrome/32.0.1700.76 Safari/537.36"
117.184.250.101 - - [21/Oct/2018:08:20:50 +0800] "GET /media/system/css/mootree.css HTTP/1.1" 200 12 "https://119.28.223.142/" "Mozilla/5.0 (Windows NT 6.1; WOW64) AppleWebKit/537.36 (KHTML, like Gecko) Chrome/32.0.1700.76 Safari/537.36"
117.184.250.101 - - [21/Oct/2018:08:20:50 +0800] "GET /lang/zh/front.js HTTP/1.1" 200 12 "https://119.28.223.142/" "Mozilla/5.0 (Windows NT 6.1; WOW64) AppleWebKit/537.36 (KHTML, like Gecko) Chrome/32.0.1700.76 Safari/537.36"
117.184.250.101 - - [21/Oct/2018:08:20:50 +0800] "GET /style/default/content.css HTTP/1.1" 200 12 "https://119.28.223.142/" "Mozilla/5.0 (Windows NT 6.1; WOW64) AppleWebKit/537.36 (KHTML, like Gecko) Chrome/32.0.1700.76 Safari/537.36"
117.184.250.101 - - [21/Oct/2018:08:20:50 +0800] "GET /lang/zh/edit.js HTTP/1.1" 200 12 "https://119.28.223.142/" "Mozilla/5.0 (Windows NT 6.1; WOW64) AppleWebKit/537.36 (KHTML, like Gecko) Chrome/32.0.1700.76 Safari/537.36"
117.184.250.101 - - [21/Oct/2018:08:20:50 +0800] "GET /rockmongo/ HTTP/1.1" 200 12 "https://119.28.223.142/" "Mozilla/5.0 (Windows NT 6.1; WOW64) AppleWebKit/537.36 (KHTML, like Gecko) Chrome/32.0.1700.76 Safari/537.36"
117.184.250.101 - - [21/Oct/2018:08:20:51 +0800] "GET /server-status HTTP/1.1" 200 12 "https://119.28.223.142/" "Mozilla/5.0 (Windows NT 6.1; WOW64) AppleWebKit/537.36 (KHTML, like Gecko) Chrome/32.0.1700.76 Safari/537.36"
117.184.250.101 - - [21/Oct/2018:08:20:51 +0800] "GET /ueditor.all.js HTTP/1.1" 200 12 "https://119.28.223.142/" "Mozilla/5.0 (Windows NT 6.1; WOW64) AppleWebKit/537.36 (KHTML, like Gecko) Chrome/32.0.1700.76 Safari/537.36"
117.184.250.101 - - [21/Oct/2018:08:20:51 +0800] "GET /wikilib.d/PmWiki.ChangeLog HTTP/1.1" 200 12 "https://119.28.223.142/" "Mozilla/5.0 (Windows NT 6.1; WOW64) AppleWebKit/537.36 (KHTML, like Gecko) Chrome/32.0.1700.76 Safari/537.36"
117.184.250.101 - - [21/Oct/2018:08:20:51 +0800] "GET /4e5e5d7364f443e28fbf0d3ae744a59a HTTP/1.1" 200 12 "https://119.28.223.142/" "Mozilla/5.0 (Windows NT 6.1; WOW64) AppleWebKit/537.36 (KHTML, like Gecko) Chrome/32.0.1700.76 Safari/537.36"
117.184.250.101 - - [21/Oct/2018:08:20:51 +0800] "GET /jenkins/ HTTP/1.1" 200 12 "https://119.28.223.142/" "Mozilla/5.0 (Windows NT 6.1; WOW64) AppleWebKit/537.36 (KHTML, like Gecko) Chrome/32.0.1700.76 Safari/537.36"
117.184.250.101 - - [21/Oct/2018:08:20:51 +0800] "GET /console/login/LoginForm.jsp HTTP/1.1" 200 12 "https://119.28.223.142/" "Mozilla/5.0 (Windows NT 6.1; WOW64) AppleWebKit/537.36 (KHTML, like Gecko) Chrome/32.0.1700.76 Safari/537.36"
117.184.250.101 - - [21/Oct/2018:08:20:51 +0800] "GET /solr/ HTTP/1.1" 200 12 "https://119.28.223.142/" "Mozilla/5.0 (Windows NT 6.1; WOW64) AppleWebKit/537.36 (KHTML, like Gecko) Chrome/32.0.1700.76 Safari/537.36"
117.184.250.101 - - [21/Oct/2018:08:20:51 +0800] "GET / HTTP/1.1" 200 12 "https://119.28.223.142/" "Mozilla/5.0 (Windows NT 6.1; WOW64) AppleWebKit/537.36 (KHTML, like Gecko) Chrome/32.0.1700.76 Safari/537.36"
183.60.210.46 - - [21/Oct/2018:11:42:44 +0800] "GET / HTTP/1.1" 200 12 "https://119.28.223.142" "Mozilla/4.0 (compatible; MSIE 9.0; Windows NT 6.1)"
113.237.230.69 - - [21/Oct/2018:14:19:33 +0800] "GET /otn/login/checkUser HTTP/1.1" 200 12 "-" "Mozilla/5.0 (Windows NT 6.1; WOW64) AppleWebKit/537.36 (KHTML, like Gecko) Chrome/55.0.2883.87 Safari/537.36"
188.166.252.164 - - [21/Oct/2018:18:18:27 +0800] "\xE4\xFEZGCRG\x03\x00\x00\x00\x02\x00\xD8*\xC5\xAA\xA3\x9A`\x9A\xDAW'D\x94\xBD\xA4EK\x808\xE4\xC6.\xF5\x9A\x90\xB2\xA0\xC4=\x03f_\x8F\x83\xB2\xE61b\xD7g\xAB<B\x8Eh\xD2c\x1E)A\x1D\xBC" 400 173 "-" "-"
60.191.38.77 - - [21/Oct/2018:19:08:53 +0800] "GET / HTTP/1.1" 200 12 "-" "Mozilla/5.0 (Macintosh; Intel Mac OS X 10.11; rv:47.0) Gecko/20100101 Firefox/47.0"
183.60.210.52 - - [21/Oct/2018:19:56:03 +0800] "GET / HTTP/1.1" 200 12 "https://119.28.223.142" "Mozilla/4.0 (compatible; MSIE 9.0; Windows NT 6.1)"
139.162.78.135 - - [21/Oct/2018:20:43:58 +0800] "GET / HTTP/1.1" 200 12 "-" "Mozilla/5.0 (Windows NT 10.0; WOW64) AppleWebKit/537.36 (KHTML, like Gecko) Chrome/45.0.2454.101 Safari/537.36"
60.191.38.77 - - [21/Oct/2018:22:46:22 +0800] "GET / HTTP/1.1" 200 12 "-" "Mozilla/5.0 (Macintosh; Intel Mac OS X 10.11; rv:47.0) Gecko/20100101 Firefox/47.0"
222.186.31.27 - - [21/Oct/2018:23:02:53 +0800] "GET / HTTP/1.1" 200 12 "https://119.28.223.142" "Mozilla/4.0 (compatible; MSIE 9.0; Windows NT 6.1)"
74.82.47.2 - - [21/Oct/2018:23:57:12 +0800] "GET / HTTP/1.1" 200 12 "-" "-"
206.107.116.146 - - [22/Oct/2018:01:55:35 +0800] "SSH-2.0-PuTTY_Release_0.63" 400 173 "-" "-"
60.191.38.77 - - [22/Oct/2018:02:18:37 +0800] "GET / HTTP/1.1" 200 12 "-" "Mozilla/5.0 (Macintosh; Intel Mac OS X 10.11; rv:47.0) Gecko/20100101 Firefox/47.0"
183.60.210.52 - - [22/Oct/2018:04:09:41 +0800] "GET / HTTP/1.1" 200 12 "https://119.28.223.142" "Mozilla/4.0 (compatible; MSIE 9.0; Windows NT 6.1)"
13.57.233.99 - - [22/Oct/2018:04:57:50 +0800] "GET / HTTP/1.1" 200 12 "-" "Mozilla/5.0 (Macintosh; Intel Mac OS X 10_12_6) AppleWebKit/537.36 (KHTML, like Gecko) Chrome/61.0.3163.100 Safari/537.36"
113.237.230.69 - - [22/Oct/2018:04:59:31 +0800] "GET /otn/login/checkUser HTTP/1.1" 200 12 "-" "Mozilla/5.0 (Windows NT 6.1; WOW64) AppleWebKit/537.36 (KHTML, like Gecko) Chrome/55.0.2883.87 Safari/537.36"
183.60.210.52 - - [22/Oct/2018:06:16:01 +0800] "GET / HTTP/1.1" 200 12 "https://119.28.223.142" "Mozilla/4.0 (compatible; MSIE 9.0; Windows NT 6.1)"
185.209.0.12 - - [22/Oct/2018:07:47:35 +0800] "\x03\x00\x00/*\xE0\x00\x00\x00\x00\x00Cookie: mstshash=Administr" 400 173 "-" "-"
117.184.250.101 - - [22/Oct/2018:08:56:41 +0800] "GET /wp-includes/js/comment-reply.min.js HTTP/1.1" 200 12 "https://119.28.223.142/" "Mozilla/5.0 (Windows NT 6.1; WOW64) AppleWebKit/537.36 (KHTML, like Gecko) Chrome/32.0.1700.76 Safari/537.36"
117.184.250.101 - - [22/Oct/2018:08:56:41 +0800] "GET /skins/vector/csshover.htc HTTP/1.1" 200 12 "https://119.28.223.142/" "Mozilla/5.0 (Windows NT 6.1; WOW64) AppleWebKit/537.36 (KHTML, like Gecko) Chrome/32.0.1700.76 Safari/537.36"
117.184.250.101 - - [22/Oct/2018:08:56:42 +0800] "GET /misc/states.js HTTP/1.1" 200 12 "https://119.28.223.142/" "Mozilla/5.0 (Windows NT 6.1; WOW64) AppleWebKit/537.36 (KHTML, like Gecko) Chrome/32.0.1700.76 Safari/537.36"
117.184.250.101 - - [22/Oct/2018:08:56:42 +0800] "GET /static/js/md5.js HTTP/1.1" 200 12 "https://119.28.223.142/" "Mozilla/5.0 (Windows NT 6.1; WOW64) AppleWebKit/537.36 (KHTML, like Gecko) Chrome/32.0.1700.76 Safari/537.36"
117.184.250.101 - - [22/Oct/2018:08:56:42 +0800] "GET /include/js/md5.js HTTP/1.1" 200 12 "https://119.28.223.142/" "Mozilla/5.0 (Windows NT 6.1; WOW64) AppleWebKit/537.36 (KHTML, like Gecko) Chrome/32.0.1700.76 Safari/537.36"
117.184.250.101 - - [22/Oct/2018:08:56:42 +0800] "GET /include/js/common.js HTTP/1.1" 200 12 "https://119.28.223.142/" "Mozilla/5.0 (Windows NT 6.1; WOW64) AppleWebKit/537.36 (KHTML, like Gecko) Chrome/32.0.1700.76 Safari/537.36"
117.184.250.101 - - [22/Oct/2018:08:56:42 +0800] "GET /include/js/ajax.js HTTP/1.1" 200 12 "https://119.28.223.142/" "Mozilla/5.0 (Windows NT 6.1; WOW64) AppleWebKit/537.36 (KHTML, like Gecko) Chrome/32.0.1700.76 Safari/537.36"
117.184.250.101 - - [22/Oct/2018:08:56:42 +0800] "GET /res/js/dev/pages/common/global.js HTTP/1.1" 200 12 "https://119.28.223.142/" "Mozilla/5.0 (Windows NT 6.1; WOW64) AppleWebKit/537.36 (KHTML, like Gecko) Chrome/32.0.1700.76 Safari/537.36"
117.184.250.101 - - [22/Oct/2018:08:56:42 +0800] "GET /js/wind_editor.js HTTP/1.1" 200 12 "https://119.28.223.142/" "Mozilla/5.0 (Windows NT 6.1; WOW64) AppleWebKit/537.36 (KHTML, like Gecko) Chrome/32.0.1700.76 Safari/537.36"
117.184.250.101 - - [22/Oct/2018:08:56:42 +0800] "GET /styles/prosilver/template/forum_fn.js HTTP/1.1" 200 12 "https://119.28.223.142/" "Mozilla/5.0 (Windows NT 6.1; WOW64) AppleWebKit/537.36 (KHTML, like Gecko) Chrome/32.0.1700.76 Safari/537.36"
117.184.250.101 - - [22/Oct/2018:08:56:42 +0800] "GET /styles/prosilver/template/styleswitcher.js HTTP/1.1" 200 12 "https://119.28.223.142/" "Mozilla/5.0 (Windows NT 6.1; WOW64) AppleWebKit/537.36 (KHTML, like Gecko) Chrome/32.0.1700.76 Safari/537.36"
117.184.250.101 - - [22/Oct/2018:08:56:43 +0800] "GET /editor/ubb/uploader.js HTTP/1.1" 200 12 "https://119.28.223.142/" "Mozilla/5.0 (Windows NT 6.1; WOW64) AppleWebKit/537.36 (KHTML, like Gecko) Chrome/32.0.1700.76 Safari/537.36"
117.184.250.101 - - [22/Oct/2018:08:56:43 +0800] "GET /template/default/style.css HTTP/1.1" 200 12 "https://119.28.223.142/" "Mozilla/5.0 (Windows NT 6.1; WOW64) AppleWebKit/537.36 (KHTML, like Gecko) Chrome/32.0.1700.76 Safari/537.36"
117.184.250.101 - - [22/Oct/2018:08:56:43 +0800] "GET /static/js/reset.js HTTP/1.1" 200 12 "https://119.28.223.142/" "Mozilla/5.0 (Windows NT 6.1; WOW64) AppleWebKit/537.36 (KHTML, like Gecko) Chrome/32.0.1700.76 Safari/537.36"
117.184.250.101 - - [22/Oct/2018:08:56:43 +0800] "GET /images/js/common.js HTTP/1.1" 200 12 "https://119.28.223.142/" "Mozilla/5.0 (Windows NT 6.1; WOW64) AppleWebKit/537.36 (KHTML, like Gecko) Chrome/32.0.1700.76 Safari/537.36"
117.184.250.101 - - [22/Oct/2018:08:56:43 +0800] "GET /templets/style/dede.css HTTP/1.1" 200 12 "https://119.28.223.142/" "Mozilla/5.0 (Windows NT 6.1; WOW64) AppleWebKit/537.36 (KHTML, like Gecko) Chrome/32.0.1700.76 Safari/537.36"
117.184.250.101 - - [22/Oct/2018:08:56:43 +0800] "GET /include/dedeajax2.js HTTP/1.1" 200 12 "https://119.28.223.142/" "Mozilla/5.0 (Windows NT 6.1; WOW64) AppleWebKit/537.36 (KHTML, like Gecko) Chrome/32.0.1700.76 Safari/537.36"
117.184.250.101 - - [22/Oct/2018:08:56:43 +0800] "GET /images/default/inc.js HTTP/1.1" 200 12 "https://119.28.223.142/" "Mozilla/5.0 (Windows NT 6.1; WOW64) AppleWebKit/537.36 (KHTML, like Gecko) Chrome/32.0.1700.76 Safari/537.36"
117.184.250.101 - - [22/Oct/2018:08:56:43 +0800] "GET /js/lang/core/zh-cn.js HTTP/1.1" 200 12 "https://119.28.223.142/" "Mozilla/5.0 (Windows NT 6.1; WOW64) AppleWebKit/537.36 (KHTML, like Gecko) Chrome/32.0.1700.76 Safari/537.36"
117.184.250.101 - - [22/Oct/2018:08:56:44 +0800] "GET /js/lang/cms/zh-cn.js HTTP/1.1" 200 12 "https://119.28.223.142/" "Mozilla/5.0 (Windows NT 6.1; WOW64) AppleWebKit/537.36 (KHTML, like Gecko) Chrome/32.0.1700.76 Safari/537.36"
117.184.250.101 - - [22/Oct/2018:08:56:44 +0800] "GET /d/js/acmsd/ecms_dialog.js HTTP/1.1" 200 12 "https://119.28.223.142/" "Mozilla/5.0 (Windows NT 6.1; WOW64) AppleWebKit/537.36 (KHTML, like Gecko) Chrome/32.0.1700.76 Safari/537.36"
