117.184.250.101 - - [22/Oct/2018:08:56:44 +0800] "GET /skin/default/js/tabs.js HTTP/1.1" 200 12 "https://119.28.223.142/" "Mozilla/5.0 (Windows NT 6.1; WOW64) AppleWebKit/537.36 (KHTML, like Gecko) Chrome/32.0.1700.76 Safari/537.36"
117.184.250.101 - - [22/Oct/2018:08:56:44 +0800] "GET /media/system/js/tab.js HTTP/1.1" 200 12 "https://119.28.223.142/" "Mozilla/5.0 (Windows NT 6.1; WOW64) AppleWebKit/537.36 (KHTML, like Gecko) Chrome/32.0.1700.76 Safari/537.36"
117.184.250.101 - - [22/Oct/2018:08:56:44 +0800] "GET /media/system/css/mootree.css HTTP/1.1" 200 12 "https://119.28.223.142/" "Mozilla/5.0 (Windows NT 6.1; WOW64) AppleWebKit/537.36 (KHTML, like Gecko) Chrome/32.0.1700.76 Safari/537.36"
117.184.250.101 - - [22/Oct/2018:08:56:45 +0800] "GET /lang/zh/front.js HTTP/1.1" 200 12 "https://119.28.223.142/" "Mozilla/5.0 (Windows NT 6.1; WOW64) AppleWebKit/537.36 (KHTML, like Gecko) Chrome/32.0.1700.76 Safari/537.36"
117.184.250.101 - - [22/Oct/2018:08:56:45 +0800] "GET /style/default/content.css HTTP/1.1" 200 12 "https://119.28.223.142/" "Mozilla/5.0 (Windows NT 6.1; WOW64) AppleWebKit/537.36 (KHTML, like Gecko) Chrome/32.0.1700.76 Safari/537.36"
117.184.250.101 - - [22/Oct/2018:08:56:45 +0800] "GET /lang/zh/edit.js HTTP/1.1" 200 12 "https://119.28.223.142/" "Mozilla/5.0 (Windows NT 6.1; WOW64) AppleWebKit/537.36 (KHTML, like Gecko) Chrome/32.0.1700.76 Safari/537.36"
117.184.250.101 - - [22/Oct/2018:08:56:45 +0800] "GET /rockmongo/ HTTP/1.1" 200 12 "https://119.28.223.142/" "Mozilla/5.0 (Windows NT 6.1; WOW64) AppleWebKit/537.36 (KHTML, like Gecko) Chrome/32.0.1700.76 Safari/537.36"
117.184.250.101 - - [22/Oct/2018:08:56:45 +0800] "GET /server-status HTTP/1.1" 200 12 "https://119.28.223.142/" "Mozilla/5.0 (Windows NT 6.1; WOW64) AppleWebKit/537.36 (KHTML, like Gecko) Chrome/32.0.1700.76 Safari/537.36"
117.184.250.101 - - [22/Oct/2018:08:56:45 +0800] "GET /ueditor.all.js HTTP/1.1" 200 12 "https://119.28.223.142/" "Mozilla/5.0 (Windows NT 6.1; WOW64) AppleWebKit/537.36 (KHTML, like Gecko) Chrome/32.0.1700.76 Safari/537.36"
117.184.250.101 - - [22/Oct/2018:08:56:45 +0800] "GET /wikilib.d/PmWiki.ChangeLog HTTP/1.1" 200 12 "https://119.28.223.142/" "Mozilla/5.0 (Windows NT 6.1; WOW64) AppleWebKit/537.36 (KHTML, like Gecko) Chrome/32.0.1700.76 Safari/537.36"
117.184.250.101 - - [22/Oct/2018:08:56:46 +0800] "GET /4e5e5d7364f443e28fbf0d3ae744a59a HTTP/1.1" 200 12 "https://119.28.223.142/" "Mozilla/5.0 (Windows NT 6.1; WOW64) AppleWebKit/537.36 (KHTML, like Gecko) Chrome/32.0.1700.76 Safari/537.36"
117.184.250.101 - - [22/Oct/2018:08:56:46 +0800] "GET /jenkins/ HTTP/1.1" 200 12 "https://119.28.223.142/" "Mozilla/5.0 (Windows NT 6.1; WOW64) AppleWebKit/537.36 (KHTML, like Gecko) Chrome/32.0.1700.76 Safari/537.36"
117.184.250.101 - - [22/Oct/2018:08:56:46 +0800] "GET /console/login/LoginForm.jsp HTTP/1.1" 200 12 "https://119.28.223.142/" "Mozilla/5.0 (Windows NT 6.1; WOW64) AppleWebKit/537.36 (KHTML, like Gecko) Chrome/32.0.1700.76 Safari/537.36"
117.184.250.101 - - [22/Oct/2018:08:56:46 +0800] "GET /solr/ HTTP/1.1" 200 12 "https://119.28.223.142/" "Mozilla/5.0 (Windows NT 6.1; WOW64) AppleWebKit/537.36 (KHTML, like Gecko) Chrome/32.0.1700.76 Safari/537.36"
117.184.250.101 - - [22/Oct/2018:08:56:46 +0800] "GET / HTTP/1.1" 200 12 "https://119.28.223.142/" "Mozilla/5.0 (Windows NT 6.1; WOW64) AppleWebKit/537.36 (KHTML, like Gecko) Chrome/32.0.1700.76 Safari/537.36"
222.186.31.240 - - [22/Oct/2018:09:57:51 +0800] "GET / HTTP/1.1" 200 12 "https://119.28.223.142" "Mozilla/4.0 (compatible; MSIE 9.0; Windows NT 6.1)"
185.209.0.12 - - [22/Oct/2018:10:14:22 +0800] "\x03\x00\x00/*\xE0\x00\x00\x00\x00\x00Cookie: mstshash=Administr" 400 173 "-" "-"
47.100.126.89 - - [22/Oct/2018:10:37:01 +0800] "GET / HTTP/1.1" 200 12 "-" "Mozilla/5.0 (iPhone; CPU iPhone OS 8_0_2 like Mac OS X)"
139.162.116.133 - - [22/Oct/2018:11:23:12 +0800] "GET / HTTP/1.1" 200 12 "-" "HTTP Banner Detection (https://security.ipip.net)"
104.192.74.35 - - [22/Oct/2018:12:21:14 +0800] "GET /robots.txt HTTP/1.1" 200 12 "http://www.jonle.live/robots.txt" "Mozilla/5.0 (Macintosh; Intel Mac OS X 10_12_1) AppleWebKit/537.36 (KHTML, like Gecko) Chrome/58.0.3029.110 Safari/537.36"
104.192.74.35 - - [22/Oct/2018:12:21:15 +0800] "GET / HTTP/1.1" 200 12 "http://www.jonle.live" "Mozilla/5.0 (Macintosh; Intel Mac OS X 10_12_1) AppleWebKit/537.36 (KHTML, like Gecko) Chrome/58.0.3029.110 Safari/537.36"
104.192.74.35 - - [22/Oct/2018:12:21:16 +0800] "GET / HTTP/1.1" 200 12 "-" "Mozilla"
45.33.82.172 - - [22/Oct/2018:13:06:49 +0800] "GET / HTTP/1.0" 400 271 "-" "-"
163.172.4.153 - - [22/Oct/2018:14:59:48 +0800] "GET / HTTP/1.1" 200 12 "https://www.jonle.live/" "Mozilla/5.0 (Macintosh; Intel Mac OS X 10.10; rv:53.0) Gecko/20100101 Firefox/53.0"
52.53.201.78 - - [22/Oct/2018:16:00:51 +0800] "GET / HTTP/1.1" 200 12 "http://www.jonle.live/" "Mozilla/5.0 (Macintosh; Intel Mac OS X 10_12_6) AppleWebKit/537.36 (KHTML, like Gecko) Chrome/61.0.3163.100 Safari/537.36"
111.175.51.155 - - [22/Oct/2018:16:11:15 +0800] "GET /otn/leftTicket/init HTTP/1.1" 200 12 "-" "Mozilla/5.0 (Windows NT 10.0; WOW64; Trident/7.0; rv:11.0) like Gecko"
213.186.170.226 - - [22/Oct/2018:17:03:05 +0800] "SSH-2.0-PuTTY_Release_0.63" 400 173 "-" "-"
183.60.210.46 - - [22/Oct/2018:17:10:35 +0800] "GET / HTTP/1.1" 200 12 "https://119.28.223.142" "Mozilla/4.0 (compatible; MSIE 9.0; Windows NT 6.1)"
113.237.230.69 - - [22/Oct/2018:18:09:42 +0800] "GET /otn/login/checkUser HTTP/1.1" 200 12 "-" "Mozilla/5.0 (Windows NT 6.1; WOW64) AppleWebKit/537.36 (KHTML, like Gecko) Chrome/55.0.2883.87 Safari/537.36"
139.162.116.133 - - [22/Oct/2018:19:13:35 +0800] "GET / HTTP/1.1" 200 12 "-" "HTTP Banner Detection (https://security.ipip.net)"
107.170.219.37 - - [22/Oct/2018:20:13:09 +0800] "GET / HTTP/1.1" 200 12 "-" "Mozilla/5.0 zgrab/0.x"
183.60.210.52 - - [22/Oct/2018:20:43:44 +0800] "GET / HTTP/1.1" 200 12 "https://119.28.223.142" "Mozilla/4.0 (compatible; MSIE 9.0; Windows NT 6.1)"
206.189.87.212 - - [22/Oct/2018:20:44:38 +0800] "\x03\x00\x00+&\xE0\x00\x00\x00\x00\x00Cookie: mstshash=hello" 400 173 "-" "-"
206.189.87.212 - - [22/Oct/2018:20:49:01 +0800] "\x03\x00\x00+&\xE0\x00\x00\x00\x00\x00Cookie: mstshash=hello" 400 173 "-" "-"
206.189.87.212 - - [22/Oct/2018:21:01:05 +0800] "\x03\x00\x00+&\xE0\x00\x00\x00\x00\x00Cookie: mstshash=hello" 400 173 "-" "-"
206.189.87.212 - - [22/Oct/2018:21:19:25 +0800] "\x03\x00\x00+&\xE0\x00\x00\x00\x00\x00Cookie: mstshash=hello" 400 173 "-" "-"
206.189.87.212 - - [22/Oct/2018:21:46:11 +0800] "\x03\x00\x00+&\xE0\x00\x00\x00\x00\x00Cookie: mstshash=hello" 400 173 "-" "-"
206.189.87.212 - - [22/Oct/2018:22:24:38 +0800] "\x03\x00\x00+&\xE0\x00\x00\x00\x00\x00Cookie: mstshash=hello" 400 173 "-" "-"
206.189.87.212 - - [22/Oct/2018:22:54:31 +0800] "\x03\x00\x00+&\xE0\x00\x00\x00\x00\x00Cookie: mstshash=hello" 400 173 "-" "-"
206.189.87.212 - - [22/Oct/2018:23:04:30 +0800] "\x03\x00\x00+&\xE0\x00\x00\x00\x00\x00Cookie: mstshash=hello" 400 173 "-" "-"
206.189.87.212 - - [22/Oct/2018:23:07:31 +0800] "\x03\x00\x00+&\xE0\x00\x00\x00\x00\x00Cookie: mstshash=hello" 400 173 "-" "-"
206.189.87.212 - - [22/Oct/2018:23:21:25 +0800] "\x03\x00\x00+&\xE0\x00\x00\x00\x00\x00Cookie: mstshash=hello" 400 173 "-" "-"
206.189.87.212 - - [22/Oct/2018:23:55:09 +0800] "\x03\x00\x00+&\xE0\x00\x00\x00\x00\x00Cookie: mstshash=hello" 400 173 "-" "-"
13.57.233.99 - - [22/Oct/2018:23:58:12 +0800] "GET / HTTP/1.1" 200 12 "-" "Mozilla/5.0 (Macintosh; Intel Mac OS X 10_12_6) AppleWebKit/537.36 (KHTML, like Gecko) Chrome/61.0.3163.100 Safari/537.36"
183.60.210.52 - - [23/Oct/2018:00:18:10 +0800] "GET / HTTP/1.1" 200 12 "https://119.28.223.142" "Mozilla/4.0 (compatible; MSIE 9.0; Windows NT 6.1)"
183.60.210.46 - - [23/Oct/2018:00:18:10 +0800] "GET / HTTP/1.1" 200 12 "https://119.28.223.142" "Mozilla/4.0 (compatible; MSIE 9.0; Windows NT 6.1)"
183.60.210.46 - - [23/Oct/2018:00:18:14 +0800] "GET / HTTP/1.1" 200 12 "https://119.28.223.142" "Mozilla/4.0 (compatible; MSIE 9.0; Windows NT 6.1)"
60.191.38.77 - - [23/Oct/2018:01:23:49 +0800] "GET / HTTP/1.1" 200 12 "-" "Mozilla/5.0 (Macintosh; Intel Mac OS X 10.11; rv:47.0) Gecko/20100101 Firefox/47.0"
184.105.247.195 - - [23/Oct/2018:01:40:07 +0800] "GET / HTTP/1.1" 200 12 "-" "-"
222.186.190.20 - - [23/Oct/2018:03:57:37 +0800] "GET / HTTP/1.1" 200 12 "https://119.28.223.142" "Mozilla/4.0 (compatible; MSIE 9.0; Windows NT 6.1)"
222.186.31.240 - - [23/Oct/2018:03:57:37 +0800] "GET / HTTP/1.1" 200 12 "https://119.28.223.142" "Mozilla/4.0 (compatible; MSIE 9.0; Windows NT 6.1)"
138.201.213.27 - - [23/Oct/2018:05:06:26 +0800] "GET / HTTP/1.1" 200 12 "-" "Mozilla/5.0 (compatible; MSIE 10.0; Windows NT 5.1; Trident/3.0)"
120.132.3.65 - - [23/Oct/2018:06:07:06 +0800] "\x00\x9C\x00\x01\x1A+<M\x00\x01\x00\x00\x01\x00\x00\x00\x00\x00\x00\x03\x00\x00\x00\x03\xFF\xFF\x00\x01local\x00\x00\x00\x00\x00\x00\x00\x00\x00\x00\x00\x00\x00\x00\x00\x00\x00\x00\x00\x00\x00\x00\x00\x00\x00\x00\x00\x00\x00\x00\x00\x00\x00\x00\x00\x00\x00\x00\x00\x00\x00\x00\x00\x00\x00\x00\x00\x00\x00\x00\x00\x00\x00\x00\x00\x00\x00\x00\x00cananian\x00\x00\x00\x00\x00\x00\x00\x00\x00\x00\x00\x00\x00\x00\x00\x00\x00\x00\x00\x00\x00\x00\x00\x00\x00\x00\x00\x00\x00\x00\x00\x00\x00\x00\x00\x00\x00\x00\x00\x00\x00\x00\x00\x00\x00\x00\x00\x00\x00\x00\x00\x00\x00\x00\x00\x00" 400 173 "-" "-"
71.6.232.7 - - [23/Oct/2018:06:48:36 +0800] "GET / HTTP/1.1" 200 12 "-" "Mozilla/5.0 (Windows NT 10.0; Win64; x64) AppleWebKit/537.36 (KHTML, like Gecko) Chrome/57.0.2987.133 Safari/537.36"
185.97.135.252 - - [23/Oct/2018:07:10:20 +0800] "GET / HTTP/1.1" 200 12 "-" "Mozilla/5.0 (Windows NT 5.1; rv:9.0.1) Gecko/20100101 Firefox/9.0.1"
185.97.135.252 - - [23/Oct/2018:07:10:23 +0800] "GET /HNAP1/ HTTP/1.1" 200 12 "https://119.28.223.142/" "Mozilla/5.0 (Windows NT 5.1; rv:9.0.1) Gecko/20100101 Firefox/9.0.1"
183.60.210.46 - - [23/Oct/2018:07:33:39 +0800] "GET / HTTP/1.1" 200 12 "https://119.28.223.142" "Mozilla/4.0 (compatible; MSIE 9.0; Windows NT 6.1)"
185.209.0.12 - - [23/Oct/2018:10:20:10 +0800] "\x03\x00\x00/*\xE0\x00\x00\x00\x00\x00Cookie: mstshash=Administr" 400 173 "-" "-"
106.75.92.187 - - [23/Oct/2018:10:34:25 +0800] "GET / HTTP/1.1" 200 12 "-" "Mozilla/5.0 (Windows NT 6.1; WOW64; rv:52.0) Gecko/20100101 Firefox/52.0"
106.15.202.177 - - [23/Oct/2018:10:41:18 +0800] "GET / HTTP/1.1" 200 12 "-" "Mozilla/5.0 (iPhone; CPU iPhone OS 8_0_2 like Mac OS X)"
61.216.152.135 - - [23/Oct/2018:11:44:28 +0800] "POST /result%3Fhl%3Den%26meta%3Dvvnwppnloxhwtqccppbyhqmrwyswqen HTTP/1.1" 400 575 "-" "Mozilla/4.0 (compatible; MSIE 6.0; Windows NT 5.1)"
54.191.93.74 - - [23/Oct/2018:11:54:49 +0800] "GET /wp-login.php HTTP/1.1" 200 12 "https://google.com" "Mozilla/5.0 (Windows NT 6.2; rv:29.0) Gecko/20120101 Firefox/29.0"
54.191.93.74 - - [23/Oct/2018:11:54:55 +0800] "GET /administrator/index.php HTTP/1.1" 200 12 "https://google.com" "Mozilla/5.0 (Windows NT 6.2; WOW64; rv:33.0) Gecko/20100101 Firefox/33.0"
54.191.93.74 - - [23/Oct/2018:11:55:01 +0800] "GET /phpmyadmin/index.php HTTP/1.1" 200 12 "https://google.com" "Mozilla/5.0 (Windows NT 6.1; rv:31.0) Gecko/20100101 Firefox/31.0"
182.161.66.103 - - [23/Oct/2018:12:50:41 +0800] "GET / HTTP/1.1" 200 12 "-" "Mozilla/4.0 (compatible MSIE 6.00 Windows NT 5.1 SV1)"
183.57.53.222 - - [23/Oct/2018:14:16:03 +0800] "GET / HTTP/1.1" 200 12 "http://www.jonle.live/" "Mozilla/5.0 (iPhone; CPU iPhone OS 9_3_4 like Mac OS X) AppleWebKit/601.1.46 (KHTML, like Gecko) Mobile/13G35 QQ/6.5.3.410 V1_IPH_SQ_6.5.3_1_APP_A Pixel/750 Core/UIWebView NetType/2G Mem/117"
18.236.124.9 - - [23/Oct/2018:16:46:30 +0800] "GET / HTTP/1.1" 200 12 "-" "Mozilla/5.0 (Macintosh; Intel Mac OS X 10_11_5) AppleWebKit/537.36 (KHTML, like Gecko) Chrome/50.0.2661.102 Safari/537.36"
218.211.168.178 - - [23/Oct/2018:16:55:27 +0800] "0\xBF\x98<\xB8*\xB9\xF0\xFF\xE1\xCE[Vg\xCF^\x97\xF1\x14r\xB7\xD5Vr" 400 173 "-" "-"
185.209.0.12 - - [23/Oct/2018:18:11:19 +0800] "\x03\x00\x00/*\xE0\x00\x00\x00\x00\x00Cookie: mstshash=Administr" 400 173 "-" "-"
183.57.53.196 - - [23/Oct/2018:18:35:22 +0800] "GET /phpmyadmin/index.php HTTP/1.1" 200 12 "http://jonle.live/phpmyadmin/index.php" "Mozilla/5.0 (iPhone; CPU iPhone OS 9_3_4 like Mac OS X) AppleWebKit/601.1.46 (KHTML, like Gecko) Mobile/13G35 QQ/6.5.3.410 V1_IPH_SQ_6.5.3_1_APP_A Pixel/750 Core/UIWebView NetType/2G Mem/117"
185.209.0.12 - - [23/Oct/2018:20:40:06 +0800] "\x03\x00\x00/*\xE0\x00\x00\x00\x00\x00Cookie: mstshash=Administr" 400 173 "-" "-"
183.60.210.46 - - [23/Oct/2018:21:24:46 +0800] "GET / HTTP/1.1" 200 12 "https://119.28.223.142" "Mozilla/4.0 (compatible; MSIE 9.0; Windows NT 6.1)"
108.178.16.154 - - [23/Oct/2018:22:37:30 +0800] "V\x00|\x00\xEB\x00V\x00|\x00V\x00|\x00\x06\x00{\x00(\x00z\x00{\x00V\x00V\x005\x00(\x00W\x005\x00|\x00\xE9\x00\xCC\x00|\x00{\x005\x00V\x00\xEA\x00\xCC\x00(\x00\xE9\x00{\x00{\x00\xA5\x00Y\x00z\x00(\x00(\x00\xEB\x00{\x00|\x00!\x00(\x00\xA5\x00V\x00Y\x00\xA5\x00|\x00(\x00V\x00\x06\x00(\x00\xEB\x00(\x00(\x00\xEA\x00\xEA\x005\x00\xE9\x00\x06\x00\x06\x00\xA5\x00Y\x00(\x00\xB0\x00\xEA\x00{\x00W\x00\xEA\x00V\x00\x06\x00|\x00z\x00\xCC\x00\xA5\x00W\x005\x00\xEA\x00Y\x00\xCC\x00\xE9\x00\xA5\x00z\x00\xB0\x00\xEB\x00\xEB\x00\xCC\x00\xA5\x00\xB0\x00\xA5\x00\xEA\x00!\x00\xEA\x00\xB0\x00\xCC\x00\xEA\x00\x06\x00V\x00\xCC\x00\x06\x00\x06\x005\x00Y\x00!\x00z\x00(\x00\xA5\x00{\x00W\x00\xB0\x00\xE9\x00V\x00\xEA\x00\xEA\x00\xE9\x00!\x00{\x00!\x00\xCC\x00\xB0\x00!\x00|\x00\xB0\x00V\x00\xEB\x00!\x00z\x00W\x00Y\x00\xE9\x00Y\x00W\x00\xEB\x00\x06\x00\xE9\x00(\x00\x06\x00\xEB\x00\xA5\x00V\x00|\x00{\x005\x00\xA5\x00\x06\x00{\x005\x00z\x00|\x005\x00|\x00W\x00|\x00|\x005\x005\x00!\x00z\x00\xB0\x00\xE9\x00W\x00W\x00\xCC\x00\xE9\x005\x00\x06\x005\x00\xE9\x00\xEA\x00\x06\x00{\x00\xEB\x00\xB0\x00\xEB\x00!\x00V\x00\xB0\x00!\x00\xCC\x00V\x00|\x00\xEB\x005\x00W\x00|\x00\xB0\x00|\x00\xCC\x00(\x005\x00(\x00\xEB\x00V\x00\xE9\x00{\x00{\x00W\x00Y\x00\xB0\x00Y\x00{\x00z\x00\xE9\x00\xEA\x00{\x00\x06\x00\xE9\x00\xEB\x00\xA5\x00\xB0\x00z\x00z\x00\xEB\x00\xE9\x00(\x00|\x00\xCC\x005\x00\xA5\x00\xEA\x005\x00!\x00V\x00z\x00\xE9\x00W\x00\xE9\x00|\x00\xCC\x00!\x005\x00V\x00{\x00\xE9\x00\xB0\x00\x06\x00Y\x00{\x00\xEB\x005\x00V\x00\xCC\x00z\x00\xEA\x00(\x00\xB0\x00z\x00\xEB\x00\xA5\x00Y\x00\xCC\x00\xEB\x00W\x00z\x00\xB0\x005\x00!\x00\xE9\x00\xEA\x00|\x00\x06\x00\xEA\x00V\x00(\x00W\x00\xE9\x005\x00\xCC\x00W\x00\xA5\x00\x06\x00Y\x00{\x00\xEA\x00\xB0\x00|\x00|\x00Y\x00!\x00\xEA\x00\xA5\x00\xEB\x00z\x00\x06\x00\xEB\x00z\x00\xA5\x00(\x00V\x005\x00|\x00\xEA\x00\xEB\x00\xA5\x00Y\x00\x06\x00\xB0\x00z\x00\xEA\x00{\x005\x00\xEB\x00\xA5\x00|\x00!\x00z\x00!\x00(\x005\x00{\x00\xE9\x00|\x00\xEB\x005\x00\xA5\x00\x06\x00\xEB\x00W\x00|\x00!\x00\xB0\x00\xB0\x00\x06\x00\xEA\x00\xCC\x00\xEB\x00\x06\x00\xCC\x00|\x00Y\x005\x00V\x00z\x00(\x00\xCA\x00" 400 173 "-" "-"
178.73.193.9 - - [24/Oct/2018:00:06:05 +0800] "GET / HTTP/1.1" 200 12 "-" "Mozilla/5.0 (Windows NT 5.1; rv:9.0.1) Gecko/20100101 Firefox/9.0.1"
178.73.193.9 - - [24/Oct/2018:00:06:07 +0800] "GET /HNAP1/ HTTP/1.1" 200 12 "https://119.28.223.142/" "Mozilla/5.0 (Windows NT 5.1; rv:9.0.1) Gecko/20100101 Firefox/9.0.1"
113.237.230.69 - - [24/Oct/2018:00:06:07 +0800] "GET /otn/login/checkUser HTTP/1.1" 200 12 "-" "Mozilla/5.0 (Windows NT 6.1; WOW64) AppleWebKit/537.36 (KHTML, like Gecko) Chrome/55.0.2883.87 Safari/537.36"
184.105.247.194 - - [24/Oct/2018:00:12:08 +0800] "GET / HTTP/1.1" 200 12 "-" "-"
104.192.74.15 - - [24/Oct/2018:00:37:16 +0800] "GET /robots.txt HTTP/1.1" 200 12 "http://www.jonle.live/robots.txt" "Mozilla/5.0 (Macintosh; Intel Mac OS X 10_12_1) AppleWebKit/537.36 (KHTML, like Gecko) Chrome/58.0.3029.110 Safari/537.36"
104.192.74.15 - - [24/Oct/2018:00:37:18 +0800] "GET / HTTP/1.1" 200 12 "http://www.jonle.live" "Mozilla/5.0 (Macintosh; Intel Mac OS X 10_12_1) AppleWebKit/537.36 (KHTML, like Gecko) Chrome/58.0.3029.110 Safari/537.36"
104.192.74.15 - - [24/Oct/2018:00:37:18 +0800] "GET / HTTP/1.1" 200 12 "-" "Mozilla"
183.60.210.52 - - [24/Oct/2018:01:37:21 +0800] "GET / HTTP/1.1" 200 12 "https://119.28.223.142" "Mozilla/4.0 (compatible; MSIE 9.0; Windows NT 6.1)"
183.60.210.46 - - [24/Oct/2018:01:37:21 +0800] "GET / HTTP/1.1" 200 12 "https://119.28.223.142" "Mozilla/4.0 (compatible; MSIE 9.0; Windows NT 6.1)"
222.186.31.240 - - [24/Oct/2018:01:37:21 +0800] "GET / HTTP/1.1" 200 12 "https://119.28.223.142" "Mozilla/4.0 (compatible; MSIE 9.0; Windows NT 6.1)"
185.248.100.159 - - [24/Oct/2018:05:07:21 +0800] "GET /v3.0/web/assets/css/site.css HTTP/1.1" 200 12 "-" "Mozilla/5.0 (Windows NT 6.1; Win64; x64; rv:60.0) Gecko/20100101 Firefox/60.0"
59.36.119.226 - - [24/Oct/2018:05:12:50 +0800] "GET / HTTP/1.1" 200 12 "http://www.jonle.live/" "Mozilla/5.0 (iPhone; CPU iPhone OS 9_3_4 like Mac OS X) AppleWebKit/601.1.46 (KHTML, like Gecko) Mobile/13G35 QQ/6.5.3.410 V1_IPH_SQ_6.5.3_1_APP_A Pixel/750 Core/UIWebView NetType/2G Mem/117"
183.60.210.46 - - [24/Oct/2018:05:13:27 +0800] "GET / HTTP/1.1" 200 12 "https://119.28.223.142" "Mozilla/4.0 (compatible; MSIE 9.0; Windows NT 6.1)"
222.186.31.27 - - [24/Oct/2018:08:53:08 +0800] "GET / HTTP/1.1" 200 12 "https://119.28.223.142" "Mozilla/4.0 (compatible; MSIE 9.0; Windows NT 6.1)"
183.60.210.46 - - [24/Oct/2018:08:53:08 +0800] "GET / HTTP/1.1" 200 12 "https://119.28.223.142" "Mozilla/4.0 (compatible; MSIE 9.0; Windows NT 6.1)"
218.92.225.159 - - [24/Oct/2018:08:54:43 +0800] "OPTIONS / HTTP/1.1" 400 271 "-" "Apache-HttpClient/4.5.6 (Java/1.8.0_191)"
210.14.78.91 - - [24/Oct/2018:09:01:39 +0800] "GET / HTTP/1.1" 200 12 "-" "Mozilla/5.0 zgrab/0.x"
101.132.144.145 - - [24/Oct/2018:12:02:31 +0800] "GET / HTTP/1.1" 200 12 "-" "Mozilla/5.0 (iPhone; CPU iPhone OS 8_0_2 like Mac OS X)"
222.186.31.240 - - [24/Oct/2018:12:29:41 +0800] "GET / HTTP/1.1" 200 12 "https://119.28.223.142" "Mozilla/4.0 (compatible; MSIE 9.0; Windows NT 6.1)"
218.211.168.178 - - [24/Oct/2018:12:40:05 +0800] "GET / HTTP/1.1" 400 271 "-" "Mozilla/5.0"
101.132.33.158 - - [24/Oct/2018:13:11:21 +0800] "GET / HTTP/1.1" 200 12 "-" "Mozilla/5.0 (iPhone; CPU iPhone OS 8_0_2 like Mac OS X)"
113.237.230.69 - - [24/Oct/2018:14:05:27 +0800] "GET /otn/login/checkUser HTTP/1.1" 200 12 "-" "Mozilla/5.0 (Windows NT 6.1; WOW64) AppleWebKit/537.36 (KHTML, like Gecko) Chrome/55.0.2883.87 Safari/537.36"
139.162.78.135 - - [24/Oct/2018:14:26:18 +0800] "GET / HTTP/1.1" 200 12 "-" "Mozilla/5.0 (Windows NT 10.0; WOW64) AppleWebKit/537.36 (KHTML, like Gecko) Chrome/45.0.2454.101 Safari/537.36"
54.175.94.251 - - [24/Oct/2018:14:54:40 +0800] "GET / HTTP/1.1" 200 12 "-" "Mozilla/5.0 (Windows NT 6.2;en-US) AppleWebKit/537.32.36 (KHTML, live Gecko) Chrome/59.0.3056.63 Safari/537.32"
60.191.38.77 - - [24/Oct/2018:15:04:40 +0800] "GET / HTTP/1.1" 200 12 "-" "Mozilla/5.0 (Macintosh; Intel Mac OS X 10.11; rv:47.0) Gecko/20100101 Firefox/47.0"
34.211.141.19 - - [24/Oct/2018:15:12:51 +0800] "GET / HTTP/1.1" 200 12 "http://jonle.live/" "Mozilla/5.0 (Windows NT 10.0; Win64; x64; rv:63.0) Gecko/20100101 Firefox/63.0"
34.211.141.19 - - [24/Oct/2018:15:12:54 +0800] "GET / HTTP/1.1" 200 12 "http://jonle.live/" "Mozilla/5.0 (Windows NT 10.0; Win64; x64; rv:63.0) Gecko/20100101 Firefox/63.0"
87.26.60.42 - - [24/Oct/2018:16:09:30 +0800] "GET / HTTP/1.1" 200 12 "-" "curl/7.43.0"
181.48.9.82 - - [24/Oct/2018:16:30:51 +0800] "GET /admin//config.php HTTP/1.1" 200 12 "-" "curl/7.29.0"
185.209.0.12 - - [24/Oct/2018:17:10:22 +0800] "\x03\x00\x00/*\xE0\x00\x00\x00\x00\x00Cookie: mstshash=Administr" 400 173 "-" "-"
117.50.7.159 - - [24/Oct/2018:19:29:15 +0800] "GET / HTTP/1.0" 200 2 "-" "-"
64.246.165.170 - - [24/Oct/2018:20:22:16 +0800] "GET / HTTP/1.1" 200 12 "-" "Mozilla/5.0 (Macintosh; Intel Mac OS X 10.10; rv:59.0) Gecko/20100101 Firefox/59.0"
183.60.210.62 - - [24/Oct/2018:20:27:26 +0800] "GET / HTTP/1.1" 200 12 "https://119.28.223.142" "Mozilla/4.0 (compatible; MSIE 9.0; Windows NT 6.1)"
103.31.45.105 - - [24/Oct/2018:22:06:18 +0800] "GET / HTTP/1.1" 200 12 "http://jonle.live/" "Mozilla/5.0 (Windows NT 6.1; rv:45.0) Gecko/20100101 Firefox/45.0"
52.53.201.78 - - [24/Oct/2018:22:30:19 +0800] "GET / HTTP/1.1" 200 12 "http://www.jonle.live/" "Mozilla/5.0 (Macintosh; Intel Mac OS X 10_12_6) AppleWebKit/537.36 (KHTML, like Gecko) Chrome/61.0.3163.100 Safari/537.36"
184.105.139.68 - - [24/Oct/2018:23:38:38 +0800] "GET / HTTP/1.1" 200 12 "-" "-"
178.73.215.171 - - [25/Oct/2018:00:09:22 +0800] "GET / HTTP/1.0" 200 2 "-" "-"
183.60.210.46 - - [25/Oct/2018:00:11:24 +0800] "GET / HTTP/1.1" 200 12 "https://119.28.223.142" "Mozilla/4.0 (compatible; MSIE 9.0; Windows NT 6.1)"
58.251.121.184 - - [25/Oct/2018:00:25:29 +0800] "GET / HTTP/1.1" 200 12 "http://www.jonle.live/" "Mozilla/5.0 (iPhone; CPU iPhone OS 9_3_4 like Mac OS X) AppleWebKit/601.1.46 (KHTML, like Gecko) Mobile/13G35 QQ/6.5.3.410 V1_IPH_SQ_6.5.3_1_APP_A Pixel/750 Core/UIWebView NetType/2G Mem/117"
180.97.106.39 - - [25/Oct/2018:00:26:51 +0800] "HEAD http://180.163.113.82/check_proxy HTTP/1.1" 400 0 "-" "-"
218.92.225.159 - - [25/Oct/2018:01:09:24 +0800] "GET /fckeditor/fckeditor.js HTTP/1.1" 400 673 "http://119.28.223.142:443" "Mozilla/5.0 (Macintosh; Intel Mac OS X 10_14_0) AppleWebKit/537.36 (KHTML, like Gecko) Chrome/65.0.3325.181 Safari/537.36 QQBrowser/4.4.119.400"
218.92.225.159 - - [25/Oct/2018:01:09:24 +0800] "GET /html/js/editor/fckeditor/fckeditor.js HTTP/1.1" 400 673 "http://119.28.223.142:443" "Mozilla/5.0 (Macintosh; Intel Mac OS X 10_14_0) AppleWebKit/537.36 (KHTML, like Gecko) Chrome/65.0.3325.181 Safari/537.36 QQBrowser/4.4.119.400"
218.92.225.159 - - [25/Oct/2018:01:09:26 +0800] "GET /editor/fckeditor.js HTTP/1.1" 400 673 "http://119.28.223.142:443" "Mozilla/5.0 (Macintosh; Intel Mac OS X 10_14_0) AppleWebKit/537.36 (KHTML, like Gecko) Chrome/65.0.3325.181 Safari/537.36 QQBrowser/4.4.119.400"
218.92.225.159 - - [25/Oct/2018:01:09:27 +0800] "GET /include/fckeditor/fckeditor.js HTTP/1.1" 400 673 "http://119.28.223.142:443" "Mozilla/5.0 (Macintosh; Intel Mac OS X 10_14_0) AppleWebKit/537.36 (KHTML, like Gecko) Chrome/65.0.3325.181 Safari/537.36 QQBrowser/4.4.119.400"
218.92.225.159 - - [25/Oct/2018:01:09:32 +0800] "GET /admin/fck/fckeditor.js HTTP/1.1" 400 673 "http://119.28.223.142:443" "Mozilla/5.0 (Macintosh; Intel Mac OS X 10_14_0) AppleWebKit/537.36 (KHTML, like Gecko) Chrome/65.0.3325.181 Safari/537.36 QQBrowser/4.4.119.400"
218.92.225.159 - - [25/Oct/2018:01:09:32 +0800] "GET /common/fckeditor/fckeditor.js HTTP/1.1" 400 673 "http://119.28.223.142:443" "Mozilla/5.0 (Macintosh; Intel Mac OS X 10_14_0) AppleWebKit/537.36 (KHTML, like Gecko) Chrome/65.0.3325.181 Safari/537.36 QQBrowser/4.4.119.400"
218.92.225.159 - - [25/Oct/2018:01:09:35 +0800] "GET /Public/Js/FCKeditor/fckeditor.js HTTP/1.1" 400 673 "http://119.28.223.142:443" "Mozilla/5.0 (Macintosh; Intel Mac OS X 10_14_0) AppleWebKit/537.36 (KHTML, like Gecko) Chrome/65.0.3325.181 Safari/537.36 QQBrowser/4.4.119.400"
218.92.225.159 - - [25/Oct/2018:01:09:39 +0800] "GET /manage/fckeditor/fckeditor.js HTTP/1.1" 400 673 "http://119.28.223.142:443" "Mozilla/5.0 (Macintosh; Intel Mac OS X 10_14_0) AppleWebKit/537.36 (KHTML, like Gecko) Chrome/65.0.3325.181 Safari/537.36 QQBrowser/4.4.119.400"
218.92.225.159 - - [25/Oct/2018:01:09:42 +0800] "GET /includes/fckeditor/fckeditor.js HTTP/1.1" 400 673 "http://119.28.223.142:443" "Mozilla/5.0 (Macintosh; Intel Mac OS X 10_14_0) AppleWebKit/537.36 (KHTML, like Gecko) Chrome/65.0.3325.181 Safari/537.36 QQBrowser/4.4.119.400"
218.92.225.159 - - [25/Oct/2018:01:09:46 +0800] "GET /editor/fckeditor/fckeditor.js HTTP/1.1" 400 673 "http://119.28.223.142:443" "Mozilla/5.0 (Macintosh; Intel Mac OS X 10_14_0) AppleWebKit/537.36 (KHTML, like Gecko) Chrome/65.0.3325.181 Safari/537.36 QQBrowser/4.4.119.400"
218.92.225.159 - - [25/Oct/2018:01:09:49 +0800] "GET /inc/fckeditor/fckeditor.js HTTP/1.1" 400 673 "http://119.28.223.142:443" "Mozilla/5.0 (Macintosh; Intel Mac OS X 10_14_0) AppleWebKit/537.36 (KHTML, like Gecko) Chrome/65.0.3325.181 Safari/537.36 QQBrowser/4.4.119.400"
218.92.225.159 - - [25/Oct/2018:01:09:51 +0800] "GET /admin/fckeditor/fckeditor.js HTTP/1.1" 400 673 "http://119.28.223.142:443" "Mozilla/5.0 (Macintosh; Intel Mac OS X 10_14_0) AppleWebKit/537.36 (KHTML, like Gecko) Chrome/65.0.3325.181 Safari/537.36 QQBrowser/4.4.119.400"
218.92.225.159 - - [25/Oct/2018:01:09:52 +0800] "GET /FCKeditor/fckeditor.js HTTP/1.1" 400 673 "http://119.28.223.142:443" "Mozilla/5.0 (Macintosh; Intel Mac OS X 10_14_0) AppleWebKit/537.36 (KHTML, like Gecko) Chrome/65.0.3325.181 Safari/537.36 QQBrowser/4.4.119.400"
218.92.225.159 - - [25/Oct/2018:01:09:55 +0800] "GET /Administrator/FCKeditor/fckeditor.js HTTP/1.1" 400 673 "http://119.28.223.142:443" "Mozilla/5.0 (Macintosh; Intel Mac OS X 10_14_0) AppleWebKit/537.36 (KHTML, like Gecko) Chrome/65.0.3325.181 Safari/537.36 QQBrowser/4.4.119.400"
218.92.225.159 - - [25/Oct/2018:01:09:58 +0800] "GET /admin/editor/fckeditor.js HTTP/1.1" 400 673 "http://119.28.223.142:443" "Mozilla/5.0 (Macintosh; Intel Mac OS X 10_14_0) AppleWebKit/537.36 (KHTML, like Gecko) Chrome/65.0.3325.181 Safari/537.36 QQBrowser/4.4.119.400"
218.92.225.159 - - [25/Oct/2018:01:09:59 +0800] "GET /js/fckeditor/fckeditor.js HTTP/1.1" 400 673 "http://119.28.223.142:443" "Mozilla/5.0 (Macintosh; Intel Mac OS X 10_14_0) AppleWebKit/537.36 (KHTML, like Gecko) Chrome/65.0.3325.181 Safari/537.36 QQBrowser/4.4.119.400"
218.92.225.159 - - [25/Oct/2018:01:10:02 +0800] "GET /lib/FCKeditor/fckeditor.js HTTP/1.1" 400 673 "http://119.28.223.142:443" "Mozilla/5.0 (Macintosh; Intel Mac OS X 10_14_0) AppleWebKit/537.36 (KHTML, like Gecko) Chrome/65.0.3325.181 Safari/537.36 QQBrowser/4.4.119.400"
218.92.225.159 - - [25/Oct/2018:01:10:03 +0800] "GET /_fckeditor/fckeditor.js HTTP/1.1" 400 673 "http://119.28.223.142:443" "Mozilla/5.0 (Macintosh; Intel Mac OS X 10_14_0) AppleWebKit/537.36 (KHTML, like Gecko) Chrome/65.0.3325.181 Safari/537.36 QQBrowser/4.4.119.400"
218.92.225.159 - - [25/Oct/2018:01:10:07 +0800] "GET /admin/view/javascript/fckeditor/fckeditor.js HTTP/1.1" 400 673 "http://119.28.223.142:443" "Mozilla/5.0 (Macintosh; Intel Mac OS X 10_14_0) AppleWebKit/537.36 (KHTML, like Gecko) Chrome/65.0.3325.181 Safari/537.36 QQBrowser/4.4.119.400"
218.92.225.159 - - [25/Oct/2018:01:10:10 +0800] "GET /Web/FCKeditor/fckeditor.js HTTP/1.1" 400 673 "http://119.28.223.142:443" "Mozilla/5.0 (Macintosh; Intel Mac OS X 10_14_0) AppleWebKit/537.36 (KHTML, like Gecko) Chrome/65.0.3325.181 Safari/537.36 QQBrowser/4.4.119.400"
218.92.225.159 - - [25/Oct/2018:01:10:10 +0800] "GET /Fckeditor/fckeditor.js HTTP/1.1" 400 673 "http://119.28.223.142:443" "Mozilla/5.0 (Macintosh; Intel Mac OS X 10_14_0) AppleWebKit/537.36 (KHTML, like Gecko) Chrome/65.0.3325.181 Safari/537.36 QQBrowser/4.4.119.400"
218.92.225.159 - - [25/Oct/2018:01:10:15 +0800] "GET /scripts/fckeditor/fckeditor.js HTTP/1.1" 400 673 "http://119.28.223.142:443" "Mozilla/5.0 (Macintosh; Intel Mac OS X 10_14_0) AppleWebKit/537.36 (KHTML, like Gecko) Chrome/65.0.3325.181 Safari/537.36 QQBrowser/4.4.119.400"
218.92.225.159 - - [25/Oct/2018:01:10:18 +0800] "GET /admin/js/fckeditor/fckeditor.js HTTP/1.1" 400 673 "http://119.28.223.142:443" "Mozilla/5.0 (Macintosh; Intel Mac OS X 10_14_0) AppleWebKit/537.36 (KHTML, like Gecko) Chrome/65.0.3325.181 Safari/537.36 QQBrowser/4.4.119.400"
218.92.225.159 - - [25/Oct/2018:01:10:21 +0800] "GET /_admin/fckeditor/fckeditor.js HTTP/1.1" 400 673 "http://119.28.223.142:443" "Mozilla/5.0 (Macintosh; Intel Mac OS X 10_14_0) AppleWebKit/537.36 (KHTML, like Gecko) Chrome/65.0.3325.181 Safari/537.36 QQBrowser/4.4.119.400"
218.92.225.159 - - [25/Oct/2018:01:10:23 +0800] "GET /editors/FCKeditor/fckeditor.js HTTP/1.1" 400 673 "http://119.28.223.142:443" "Mozilla/5.0 (Macintosh; Intel Mac OS X 10_14_0) AppleWebKit/537.36 (KHTML, like Gecko) Chrome/65.0.3325.181 Safari/537.36 QQBrowser/4.4.119.400"
218.92.225.159 - - [25/Oct/2018:01:10:26 +0800] "GET /manage/fck/fckeditor.js HTTP/1.1" 400 673 "http://119.28.223.142:443" "Mozilla/5.0 (Macintosh; Intel Mac OS X 10_14_0) AppleWebKit/537.36 (KHTML, like Gecko) Chrome/65.0.3325.181 Safari/537.36 QQBrowser/4.4.119.400"
218.92.225.159 - - [25/Oct/2018:01:10:28 +0800] "GET /fck/fckeditor.js HTTP/1.1" 400 673 "http://119.28.223.142:443" "Mozilla/5.0 (Macintosh; Intel Mac OS X 10_14_0) AppleWebKit/537.36 (KHTML, like Gecko) Chrome/65.0.3325.181 Safari/537.36 QQBrowser/4.4.119.400"
218.92.225.159 - - [25/Oct/2018:01:10:29 +0800] "GET /manage/editor/fckeditor.js HTTP/1.1" 400 673 "http://119.28.223.142:443" "Mozilla/5.0 (Macintosh; Intel Mac OS X 10_14_0) AppleWebKit/537.36 (KHTML, like Gecko) Chrome/65.0.3325.181 Safari/537.36 QQBrowser/4.4.119.400"
218.92.225.159 - - [25/Oct/2018:01:10:31 +0800] "GET /system/fckeditor/fckeditor.js HTTP/1.1" 400 673 "http://119.28.223.142:443" "Mozilla/5.0 (Macintosh; Intel Mac OS X 10_14_0) AppleWebKit/537.36 (KHTML, like Gecko) Chrome/65.0.3325.181 Safari/537.36 QQBrowser/4.4.119.400"
218.92.225.159 - - [25/Oct/2018:01:10:34 +0800] "GET /inc/fck/fckeditor.js HTTP/1.1" 400 673 "http://119.28.223.142:443" "Mozilla/5.0 (Macintosh; Intel Mac OS X 10_14_0) AppleWebKit/537.36 (KHTML, like Gecko) Chrome/65.0.3325.181 Safari/537.36 QQBrowser/4.4.119.400"
218.92.225.159 - - [25/Oct/2018:01:10:36 +0800] "GET /tools/fckeditor/fckeditor.js HTTP/1.1" 400 673 "http://119.28.223.142:443" "Mozilla/5.0 (Macintosh; Intel Mac OS X 10_14_0) AppleWebKit/537.36 (KHTML, like Gecko) Chrome/65.0.3325.181 Safari/537.36 QQBrowser/4.4.119.400"
218.92.225.159 - - [25/Oct/2018:01:10:39 +0800] "GET /server/fckeditor/fckeditor.js HTTP/1.1" 400 673 "http://119.28.223.142:443" "Mozilla/5.0 (Macintosh; Intel Mac OS X 10_14_0) AppleWebKit/537.36 (KHTML, like Gecko) Chrome/65.0.3325.181 Safari/537.36 QQBrowser/4.4.119.400"
218.92.225.159 - - [25/Oct/2018:01:10:42 +0800] "GET /agents/fckeditor/fckeditor.js HTTP/1.1" 400 673 "http://119.28.223.142:443" "Mozilla/5.0 (Macintosh; Intel Mac OS X 10_14_0) AppleWebKit/537.36 (KHTML, like Gecko) Chrome/65.0.3325.181 Safari/537.36 QQBrowser/4.4.119.400"
218.92.225.159 - - [25/Oct/2018:01:10:44 +0800] "GET /public/js/fckeditor/fckeditor.js HTTP/1.1" 400 673 "http://119.28.223.142:443" "Mozilla/5.0 (Macintosh; Intel Mac OS X 10_14_0) AppleWebKit/537.36 (KHTML, like Gecko) Chrome/65.0.3325.181 Safari/537.36 QQBrowser/4.4.119.400"
218.92.225.159 - - [25/Oct/2018:01:10:47 +0800] "GET /ckeditor/fckeditor.js HTTP/1.1" 400 673 "http://119.28.223.142:443" "Mozilla/5.0 (Macintosh; Intel Mac OS X 10_14_0) AppleWebKit/537.36 (KHTML, like Gecko) Chrome/65.0.3325.181 Safari/537.36 QQBrowser/4.4.119.400"
218.92.225.159 - - [25/Oct/2018:01:10:52 +0800] "GET /webmanage/fckeditor/fckeditor.js HTTP/1.1" 400 673 "http://119.28.223.142:443" "Mozilla/5.0 (Macintosh; Intel Mac OS X 10_14_0) AppleWebKit/537.36 (KHTML, like Gecko) Chrome/65.0.3325.181 Safari/537.36 QQBrowser/4.4.119.400"
218.92.225.159 - - [25/Oct/2018:01:10:52 +0800] "GET /html/fckeditor/fckeditor.js HTTP/1.1" 400 673 "http://119.28.223.142:443" "Mozilla/5.0 (Macintosh; Intel Mac OS X 10_14_0) AppleWebKit/537.36 (KHTML, like Gecko) Chrome/65.0.3325.181 Safari/537.36 QQBrowser/4.4.119.400"
218.92.225.159 - - [25/Oct/2018:01:10:57 +0800] "GET /webadmin/FCKeditor/fckeditor.js HTTP/1.1" 400 673 "http://119.28.223.142:443" "Mozilla/5.0 (Macintosh; Intel Mac OS X 10_14_0) AppleWebKit/537.36 (KHTML, like Gecko) Chrome/65.0.3325.181 Safari/537.36 QQBrowser/4.4.119.400"
218.92.225.159 - - [25/Oct/2018:01:11:00 +0800] "GET /sysadmin/fckeditor/fckeditor.js HTTP/1.1" 400 673 "http://119.28.223.142:443" "Mozilla/5.0 (Macintosh; Intel Mac OS X 10_14_0) AppleWebKit/537.36 (KHTML, like Gecko) Chrome/65.0.3325.181 Safari/537.36 QQBrowser/4.4.119.400"
218.92.225.159 - - [25/Oct/2018:01:11:03 +0800] "GET /FCKEditorV2/fckeditor.js HTTP/1.1" 400 673 "http://119.28.223.142:443" "Mozilla/5.0 (Macintosh; Intel Mac OS X 10_14_0) AppleWebKit/537.36 (KHTML, like Gecko) Chrome/65.0.3325.181 Safari/537.36 QQBrowser/4.4.119.400"
218.92.225.159 - - [25/Oct/2018:01:11:05 +0800] "GET /guestbook/fckeditor/fckeditor.js HTTP/1.1" 400 673 "http://119.28.223.142:443" "Mozilla/5.0 (Macintosh; Intel Mac OS X 10_14_0) AppleWebKit/537.36 (KHTML, like Gecko) Chrome/65.0.3325.181 Safari/537.36 QQBrowser/4.4.119.400"
218.92.225.159 - - [25/Oct/2018:01:11:05 +0800] "GET /webeditor/fckeditor.js HTTP/1.1" 400 673 "http://119.28.223.142:443" "Mozilla/5.0 (Macintosh; Intel Mac OS X 10_14_0) AppleWebKit/537.36 (KHTML, like Gecko) Chrome/65.0.3325.181 Safari/537.36 QQBrowser/4.4.119.400"
218.92.225.159 - - [25/Oct/2018:01:11:08 +0800] "GET /siteadmin/FCKeditor/fckeditor.js HTTP/1.1" 400 673 "http://119.28.223.142:443" "Mozilla/5.0 (Macintosh; Intel Mac OS X 10_14_0) AppleWebKit/537.36 (KHTML, like Gecko) Chrome/65.0.3325.181 Safari/537.36 QQBrowser/4.4.119.400"
218.92.225.159 - - [25/Oct/2018:01:11:11 +0800] "GET /system/ext/FCKeditor/fckeditor.js HTTP/1.1" 400 673 "http://119.28.223.142:443" "Mozilla/5.0 (Macintosh; Intel Mac OS X 10_14_0) AppleWebKit/537.36 (KHTML, like Gecko) Chrome/65.0.3325.181 Safari/537.36 QQBrowser/4.4.119.400"
218.92.225.159 - - [25/Oct/2018:01:11:11 +0800] "GET /Fckeditorold/fckeditor.js HTTP/1.1" 400 673 "http://119.28.223.142:443" "Mozilla/5.0 (Macintosh; Intel Mac OS X 10_14_0) AppleWebKit/537.36 (KHTML, like Gecko) Chrome/65.0.3325.181 Safari/537.36 QQBrowser/4.4.119.400"
218.92.225.159 - - [25/Oct/2018:01:11:16 +0800] "GET /wp-content/plugins/editormonkey/fckeditor/fckeditor.js HTTP/1.1" 400 673 "http://119.28.223.142:443" "Mozilla/5.0 (Macintosh; Intel Mac OS X 10_14_0) AppleWebKit/537.36 (KHTML, like Gecko) Chrome/65.0.3325.181 Safari/537.36 QQBrowser/4.4.119.400"
218.92.225.159 - - [25/Oct/2018:01:11:18 +0800] "GET /fk/fckeditor.js HTTP/1.1" 400 673 "http://119.28.223.142:443" "Mozilla/5.0 (Macintosh; Intel Mac OS X 10_14_0) AppleWebKit/537.36 (KHTML, like Gecko) Chrome/65.0.3325.181 Safari/537.36 QQBrowser/4.4.119.400"
218.92.225.159 - - [25/Oct/2018:01:11:26 +0800] "GET /Administrator/fckeditor/fckeditor.js HTTP/1.1" 400 673 "http://119.28.223.142:443" "Mozilla/5.0 (Macintosh; Intel Mac OS X 10_14_0) AppleWebKit/537.36 (KHTML, like Gecko) Chrome/65.0.3325.181 Safari/537.36 QQBrowser/4.4.119.400"
218.92.225.159 - - [25/Oct/2018:01:11:28 +0800] "GET /html/fck/fckeditor.js HTTP/1.1" 400 673 "http://119.28.223.142:443" "Mozilla/5.0 (Macintosh; Intel Mac OS X 10_14_0) AppleWebKit/537.36 (KHTML, like Gecko) Chrome/65.0.3325.181 Safari/537.36 QQBrowser/4.4.119.400"
213.186.170.226 - - [25/Oct/2018:03:11:57 +0800] "SSH-2.0-PuTTY_Release_0.63" 400 173 "-" "-"
13.57.233.99 - - [25/Oct/2018:03:27:16 +0800] "GET / HTTP/1.1" 200 12 "-" "Mozilla/5.0 (Macintosh; Intel Mac OS X 10_12_6) AppleWebKit/537.36 (KHTML, like Gecko) Chrome/61.0.3163.100 Safari/537.36"
183.60.210.46 - - [25/Oct/2018:03:44:08 +0800] "GET / HTTP/1.1" 200 12 "https://119.28.223.142" "Mozilla/4.0 (compatible; MSIE 9.0; Windows NT 6.1)"
66.240.205.34 - - [25/Oct/2018:04:22:09 +0800] "Gh0st\xAD\x00\x00\x00\xE0\x00\x00\x00x\x9CKS``\x98\xC3\xC0\xC0\xC0\x06\xC4\x8C@\xBCQ\x96\x81\x81\x09H\x07\xA7\x16\x95e&\xA7*\x04$&g+\x182\x94\xF6\xB000\xAC\xA8rc\x00\x01\x11\xA0\x82\x1F\x5C`&\x83\xC7K7\x86\x19\xE5n\x0C9\x95n\x0C;\x84\x0F3\xAC\xE8sch\xA8^\xCF4'J\x97\xA9\x82\xE30\xC3\x91h]&\x90\xF8\xCE\x97S\xCBA4L?2=\xE1\xC4\x92\x86\x0B@\xF5`\x0CT\x1F\xAE\xAF]" 400 173 "-" "-"
198.108.67.32 - - [25/Oct/2018:06:16:14 +0800] "GET / HTTP/1.1" 200 12 "-" "Mozilla/5.0 zgrab/0.x"
101.132.33.158 - - [25/Oct/2018:06:53:00 +0800] "GET / HTTP/1.1" 200 12 "-" "Mozilla/5.0 (iPhone; CPU iPhone OS 8_0_2 like Mac OS X)"
183.60.210.62 - - [25/Oct/2018:07:16:16 +0800] "GET / HTTP/1.1" 200 12 "https://119.28.223.142" "Mozilla/4.0 (compatible; MSIE 9.0; Windows NT 6.1)"
185.153.198.217 - - [25/Oct/2018:08:12:30 +0800] "GET /.git/config HTTP/1.1" 200 12 "-" "python-requests/2.4.3 CPython/3.4.2 Linux/3.16.0-4-amd64"
61.216.152.133 - - [25/Oct/2018:08:27:02 +0800] "lv[endof]" 400 173 "-" "-"
60.191.38.77 - - [25/Oct/2018:08:43:29 +0800] "GET / HTTP/1.1" 200 12 "-" "Mozilla/5.0 (Macintosh; Intel Mac OS X 10.11; rv:47.0) Gecko/20100101 Firefox/47.0"
139.162.41.156 - - [25/Oct/2018:08:43:36 +0800] "GET / HTTP/1.1" 200 12 "-" "Mozilla/5.0 (Windows NT; FreeBSD; Debian; Android) Gecko/20170101 Firefox Chrome Safaria"
183.60.210.52 - - [25/Oct/2018:10:48:49 +0800] "GET / HTTP/1.1" 200 12 "https://119.28.223.142" "Mozilla/4.0 (compatible; MSIE 9.0; Windows NT 6.1)"
218.92.225.159 - - [25/Oct/2018:12:05:52 +0800] "GET /upload_flash.asp HTTP/1.1" 400 673 "http://119.28.223.142:443" "Mozilla/5.0 (Macintosh; Intel Mac OS X 10_14_0) AppleWebKit/537.36 (KHTML, like Gecko) Chrome/65.0.3325.181 Safari/537.36 QQBrowser/4.4.119.400"
107.170.211.132 - - [25/Oct/2018:12:33:58 +0800] "GET / HTTP/1.1" 200 12 "-" "Mozilla/5.0 zgrab/0.x"
183.60.210.46 - - [25/Oct/2018:14:23:15 +0800] "GET / HTTP/1.1" 200 12 "https://119.28.223.142" "Mozilla/4.0 (compatible; MSIE 9.0; Windows NT 6.1)"
108.178.16.154 - - [25/Oct/2018:15:10:49 +0800] "V\x005\x00\xB0\x00Y\x00(\x005\x00W\x00!\x005\x00\xCC\x00\x06\x00{\x00z\x00W\x00(\x00\xA5\x00(\x00W\x00V\x00\xCC\x00z\x005\x00!\x005\x00W\x00W\x00\xB0\x005\x00W\x00\xA5\x00V\x00(\x00z\x00|\x00\xEA\x00Y\x00z\x00\xA5\x00\xE9\x00z\x00\xB0\x00!\x00z\x00!\x00!\x00\xEB\x00W\x00\xEA\x00z\x00\x06\x00\xB0\x00\xA5\x00!\x00!\x00\xEA\x00\xE9\x00\xE9\x00\xEB\x00\xEB\x00{\x00\xEA\x00\xA5\x005\x00z\x00\xB0\x00\xE9\x00|\x00(\x00\xA5\x005\x00V\x00\x06\x00\xB0\x00{\x00V\x00|\x00\xA5\x00W\x00(\x00\xE9\x005\x00(\x00\x06\x00\xEB\x00\xCC\x00\xCC\x00|\x00\xB0\x00\xA5\x00|\x00z\x00{\x00\xEA\x00(\x00\xCC\x005\x00\xEB\x00|\x00{\x00V\x00\xEA\x00\x06\x00!\x00\xE9\x00W\x00\xB0\x00\xCC\x00V\x00\xEB\x00\xCC\x00\xE9\x00\xB0\x00W\x00(\x00\xB0\x00|\x005\x00\xB0\x00\xE9\x00(\x00\xA5\x00z\x00Y\x00Y\x00\xEB\x00\xA5\x00!\x00\xEA\x00\xCC\x00!\x00\xA5\x00{\x00W\x00z\x00V\x00z\x00|\x00W\x00|\x00!\x00!\x00Y\x00V\x00\xEB\x00\x06\x005\x00\xEA\x00W\x005\x00\xEA\x00{\x005\x00\xEA\x00{\x00!\x00\xCC\x00{\x00z\x00\xA5\x00\x06\x00V\x00\xB0\x00\xEB\x00\xEA\x00\xEB\x00z\x00Y\x00!\x00\xEA\x00|\x00\xB0\x00\xEA\x00W\x00\xCC\x00Y\x00W\x00Y\x00\xEB\x00\xCC\x00\xEB\x00{\x00\xEA\x00\xE9\x00!\x005\x00Y\x00|\x00\xA5\x00\xCC\x00z\x00\xEB\x005\x00\xEB\x00\x06\x00z\x00V\x00\xEA\x00\xCC\x00{\x00\xE9\x00|\x00z\x00\xCC\x00\xB0\x00\xEB\x00\xEB\x00W\x00V\x00z\x00z\x00\xB0\x00z\x00!\x00\x06\x00Y\x00z\x00\x06\x00V\x00|\x00\x06\x00\xA5\x00(\x00!\x00\xB0\x00{\x00|\x00z\x00\xE9\x00\xCC\x00{\x00\xEB\x00\xB0\x00\xA5\x00\xEB\x00\x06\x00!\x00{\x00(\x00Y\x00\xB0\x00\xE9\x005\x00Y\x00(\x00\x06\x00W\x00|\x00{\x00(\x00\xCC\x00\xE9\x00\x06\x00\x06\x00\xCC\x00|\x00\xE9\x00\xEB\x00V\x00V\x00W\x00(\x00\xB0\x00\xEA\x00\xEB\x00\xCC\x00|\x00!\x00(\x00!\x00|\x00\xA5\x00Y\x00\xEB\x00(\x00Y\x00|\x005\x00\x06\x00\xE9\x00W\x00\x06\x00\xEA\x00\xA5\x00!\x00{\x00Y\x00\xB0\x00\x06\x00\xCC\x00\xE9\x00Y\x00\xA5\x00z\x00(\x00\xCC\x00(\x00z\x00Y\x00|\x00\xCC\x00\xA5\x005\x00\x06\x00{\x00\xB0\x00\xB0\x00(\x00V\x00\xEA\x00z\x00|\x00\xA5\x00Y\x00(\x00\xE9\x00\xEA\x00\x06\x00W\x00\x06\x00\xE9\x00\x06\x00(\x00!\x00V\x00Y\x00\xB0\x005\x00!\x00\xE9\x00\xB0\x00V\x00V\x00\xCA\x00" 400 173 "-" "-"
218.92.225.159 - - [25/Oct/2018:15:18:04 +0800] "GET /ueditor/upload.asp?sortType=2&stype=image&Tobj=content HTTP/1.1" 400 673 "http://119.28.223.142:443" "Mozilla/5.0 (Macintosh; Intel Mac OS X 10_14_0) AppleWebKit/537.36 (KHTML, like Gecko) Chrome/65.0.3325.181 Safari/537.36 QQBrowser/4.4.119.400"
137.226.113.27 - - [25/Oct/2018:15:56:08 +0800] "GET / HTTP/1.1" 200 12 "-" "Mozilla/5.0 zgrab/0.x (compatible; Researchscan/t12sns; +http://researchscan.comsys.rwth-aachen.de)"
217.61.104.180 - - [25/Oct/2018:16:39:29 +0800] "POST /GponForm/diag_Form?style/ HTTP/1.1" 200 12 "-" "curl/7.3.2"
222.186.31.240 - - [25/Oct/2018:17:57:35 +0800] "GET / HTTP/1.1" 200 12 "https://119.28.223.142" "Mozilla/4.0 (compatible; MSIE 9.0; Windows NT 6.1)"
104.192.74.29 - - [25/Oct/2018:18:30:31 +0800] "GET /robots.txt HTTP/1.1" 200 12 "http://www.jonle.live/robots.txt" "Mozilla/5.0 (Macintosh; Intel Mac OS X 10_12_1) AppleWebKit/537.36 (KHTML, like Gecko) Chrome/58.0.3029.110 Safari/537.36"
104.192.74.29 - - [25/Oct/2018:18:30:33 +0800] "GET / HTTP/1.1" 200 12 "http://www.jonle.live" "Mozilla/5.0 (Macintosh; Intel Mac OS X 10_12_1) AppleWebKit/537.36 (KHTML, like Gecko) Chrome/58.0.3029.110 Safari/537.36"
104.192.74.29 - - [25/Oct/2018:18:30:33 +0800] "GET / HTTP/1.1" 200 12 "-" "Mozilla"
183.60.210.62 - - [25/Oct/2018:21:31:32 +0800] "GET / HTTP/1.1" 200 12 "https://119.28.223.142" "Mozilla/4.0 (compatible; MSIE 9.0; Windows NT 6.1)"
13.57.233.99 - - [25/Oct/2018:22:23:11 +0800] "GET / HTTP/1.1" 200 12 "-" "Mozilla/5.0 (Macintosh; Intel Mac OS X 10_12_6) AppleWebKit/537.36 (KHTML, like Gecko) Chrome/61.0.3163.100 Safari/537.36"
182.101.59.68 - - [25/Oct/2018:22:59:31 +0800] "GET / HTTP/1.1" 200 12 "-" "Mozilla/5.0 (Windows NT 6.1; WOW64; Trident/7.0; rv:11.0) like Gecko"
71.6.142.85 - - [25/Oct/2018:23:12:49 +0800] "GET / HTTP/1.1" 200 12 "-" "Mozilla/5.0 zgrab/0.x"
222.186.31.27 - - [26/Oct/2018:00:56:50 +0800] "GET / HTTP/1.1" 200 12 "https://119.28.223.142" "Mozilla/4.0 (compatible; MSIE 9.0; Windows NT 6.1)"
157.55.39.7 - - [26/Oct/2018:02:18:56 +0800] "GET /robots.txt HTTP/1.1" 200 12 "-" "Mozilla/5.0 (compatible; bingbot/2.0; +http://www.bing.com/bingbot.htm)"
157.55.39.232 - - [26/Oct/2018:02:19:00 +0800] "GET / HTTP/1.1" 200 12 "-" "Mozilla/5.0 (compatible; bingbot/2.0; +http://www.bing.com/bingbot.htm)"
183.60.210.62 - - [26/Oct/2018:04:25:53 +0800] "GET / HTTP/1.1" 200 12 "https://119.28.223.142" "Mozilla/4.0 (compatible; MSIE 9.0; Windows NT 6.1)"
120.132.3.65 - - [26/Oct/2018:06:07:30 +0800] "\x00\x9C\x00\x01\x1A+<M\x00\x01\x00\x00\x01\x00\x00\x00\x00\x00\x00\x03\x00\x00\x00\x03\xFF\xFF\x00\x01local\x00\x00\x00\x00\x00\x00\x00\x00\x00\x00\x00\x00\x00\x00\x00\x00\x00\x00\x00\x00\x00\x00\x00\x00\x00\x00\x00\x00\x00\x00\x00\x00\x00\x00\x00\x00\x00\x00\x00\x00\x00\x00\x00\x00\x00\x00\x00\x00\x00\x00\x00\x00\x00\x00\x00\x00\x00\x00\x00cananian\x00\x00\x00\x00\x00\x00\x00\x00\x00\x00\x00\x00\x00\x00\x00\x00\x00\x00\x00\x00\x00\x00\x00\x00\x00\x00\x00\x00\x00\x00\x00\x00\x00\x00\x00\x00\x00\x00\x00\x00\x00\x00\x00\x00\x00\x00\x00\x00\x00\x00\x00\x00\x00\x00\x00\x00" 400 173 "-" "-"
5.188.210.12 - - [26/Oct/2018:07:31:24 +0800] "\x05\x01\x00" 400 173 "-" "-"
5.188.210.12 - - [26/Oct/2018:07:32:52 +0800] "\x04\x01\x00P\x05\xBC\xD2\x0C\x00" 400 173 "-" "-"
5.188.210.12 - - [26/Oct/2018:07:33:36 +0800] "GET http://5.188.210.12/echo.php HTTP/1.1" 400 271 "https://www.google.com/" "PxBroker/0.3.1/5982"
183.60.210.62 - - [26/Oct/2018:07:55:48 +0800] "GET / HTTP/1.1" 200 12 "https://119.28.223.142" "Mozilla/4.0 (compatible; MSIE 9.0; Windows NT 6.1)"
218.92.225.159 - - [26/Oct/2018:08:21:23 +0800] "GET /ckeditor/ckeditor.js HTTP/1.1" 400 673 "http://119.28.223.142:443" "Mozilla/5.0 (Macintosh; Intel Mac OS X 10_14_0) AppleWebKit/537.36 (KHTML, like Gecko) Chrome/65.0.3325.181 Safari/537.36 QQBrowser/4.4.119.400"
218.92.225.159 - - [26/Oct/2018:08:21:29 +0800] "GET /editor/ckeditor.js HTTP/1.1" 400 673 "http://119.28.223.142:443" "Mozilla/5.0 (Macintosh; Intel Mac OS X 10_14_0) AppleWebKit/537.36 (KHTML, like Gecko) Chrome/65.0.3325.181 Safari/537.36 QQBrowser/4.4.119.400"
218.92.225.159 - - [26/Oct/2018:08:21:31 +0800] "GET /includes/ckeditor/ckeditor.js HTTP/1.1" 400 673 "http://119.28.223.142:443" "Mozilla/5.0 (Macintosh; Intel Mac OS X 10_14_0) AppleWebKit/537.36 (KHTML, like Gecko) Chrome/65.0.3325.181 Safari/537.36 QQBrowser/4.4.119.400"
218.92.225.159 - - [26/Oct/2018:08:21:31 +0800] "GET /admin/ckeditor/ckeditor.js HTTP/1.1" 400 673 "http://119.28.223.142:443" "Mozilla/5.0 (Macintosh; Intel Mac OS X 10_14_0) AppleWebKit/537.36 (KHTML, like Gecko) Chrome/65.0.3325.181 Safari/537.36 QQBrowser/4.4.119.400"
218.92.225.159 - - [26/Oct/2018:08:21:34 +0800] "GET /public/ckeditor/ckeditor.js HTTP/1.1" 400 673 "http://119.28.223.142:443" "Mozilla/5.0 (Macintosh; Intel Mac OS X 10_14_0) AppleWebKit/537.36 (KHTML, like Gecko) Chrome/65.0.3325.181 Safari/537.36 QQBrowser/4.4.119.400"
218.92.225.159 - - [26/Oct/2018:08:21:37 +0800] "GET /scripts/ckeditor/ckeditor.js HTTP/1.1" 400 673 "http://119.28.223.142:443" "Mozilla/5.0 (Macintosh; Intel Mac OS X 10_14_0) AppleWebKit/537.36 (KHTML, like Gecko) Chrome/65.0.3325.181 Safari/537.36 QQBrowser/4.4.119.400"
218.92.225.159 - - [26/Oct/2018:08:21:39 +0800] "GET /js/ckeditor/ckeditor.js HTTP/1.1" 400 673 "http://119.28.223.142:443" "Mozilla/5.0 (Macintosh; Intel Mac OS X 10_14_0) AppleWebKit/537.36 (KHTML, like Gecko) Chrome/65.0.3325.181 Safari/537.36 QQBrowser/4.4.119.400"
218.92.225.159 - - [26/Oct/2018:08:21:42 +0800] "GET /admin/js/ckeditor/ckeditor.js HTTP/1.1" 400 673 "http://119.28.223.142:443" "Mozilla/5.0 (Macintosh; Intel Mac OS X 10_14_0) AppleWebKit/537.36 (KHTML, like Gecko) Chrome/65.0.3325.181 Safari/537.36 QQBrowser/4.4.119.400"
218.92.225.159 - - [26/Oct/2018:08:21:45 +0800] "GET /admin/view/javascript/ckeditor/ckeditor.js HTTP/1.1" 400 673 "http://119.28.223.142:443" "Mozilla/5.0 (Macintosh; Intel Mac OS X 10_14_0) AppleWebKit/537.36 (KHTML, like Gecko) Chrome/65.0.3325.181 Safari/537.36 QQBrowser/4.4.119.400"
218.92.225.159 - - [26/Oct/2018:08:21:47 +0800] "GET /Public/ckeditor/ckeditor.js HTTP/1.1" 400 673 "http://119.28.223.142:443" "Mozilla/5.0 (Macintosh; Intel Mac OS X 10_14_0) AppleWebKit/537.36 (KHTML, like Gecko) Chrome/65.0.3325.181 Safari/537.36 QQBrowser/4.4.119.400"
218.92.225.159 - - [26/Oct/2018:08:21:50 +0800] "GET /public/js/ckeditor/ckeditor.js HTTP/1.1" 400 673 "http://119.28.223.142:443" "Mozilla/5.0 (Macintosh; Intel Mac OS X 10_14_0) AppleWebKit/537.36 (KHTML, like Gecko) Chrome/65.0.3325.181 Safari/537.36 QQBrowser/4.4.119.400"
218.92.225.159 - - [26/Oct/2018:08:21:53 +0800] "GET /lib/ckeditor/ckeditor.js HTTP/1.1" 400 673 "http://119.28.223.142:443" "Mozilla/5.0 (Macintosh; Intel Mac OS X 10_14_0) AppleWebKit/537.36 (KHTML, like Gecko) Chrome/65.0.3325.181 Safari/537.36 QQBrowser/4.4.119.400"
218.92.225.159 - - [26/Oct/2018:08:21:56 +0800] "GET /editor/ckeditor/ckeditor.js HTTP/1.1" 400 673 "http://119.28.223.142:443" "Mozilla/5.0 (Macintosh; Intel Mac OS X 10_14_0) AppleWebKit/537.36 (KHTML, like Gecko) Chrome/65.0.3325.181 Safari/537.36 QQBrowser/4.4.119.400"
218.92.225.159 - - [26/Oct/2018:08:21:57 +0800] "GET /manage/ckeditor/ckeditor.js HTTP/1.1" 400 673 "http://119.28.223.142:443" "Mozilla/5.0 (Macintosh; Intel Mac OS X 10_14_0) AppleWebKit/537.36 (KHTML, like Gecko) Chrome/65.0.3325.181 Safari/537.36 QQBrowser/4.4.119.400"
218.92.225.159 - - [26/Oct/2018:08:21:58 +0800] "GET /editors/ckeditor/ckeditor.js HTTP/1.1" 400 673 "http://119.28.223.142:443" "Mozilla/5.0 (Macintosh; Intel Mac OS X 10_14_0) AppleWebKit/537.36 (KHTML, like Gecko) Chrome/65.0.3325.181 Safari/537.36 QQBrowser/4.4.119.400"
218.92.225.159 - - [26/Oct/2018:08:22:01 +0800] "GET /html/js/editor/ckeditor/ckeditor.js HTTP/1.1" 400 673 "http://119.28.223.142:443" "Mozilla/5.0 (Macintosh; Intel Mac OS X 10_14_0) AppleWebKit/537.36 (KHTML, like Gecko) Chrome/65.0.3325.181 Safari/537.36 QQBrowser/4.4.119.400"
218.92.225.159 - - [26/Oct/2018:08:22:04 +0800] "GET /static/js/ckeditor/ckeditor.js HTTP/1.1" 400 673 "http://119.28.223.142:443" "Mozilla/5.0 (Macintosh; Intel Mac OS X 10_14_0) AppleWebKit/537.36 (KHTML, like Gecko) Chrome/65.0.3325.181 Safari/537.36 QQBrowser/4.4.119.400"
218.92.225.159 - - [26/Oct/2018:08:22:05 +0800] "GET /admin/editor/ckeditor.js HTTP/1.1" 400 673 "http://119.28.223.142:443" "Mozilla/5.0 (Macintosh; Intel Mac OS X 10_14_0) AppleWebKit/537.36 (KHTML, like Gecko) Chrome/65.0.3325.181 Safari/537.36 QQBrowser/4.4.119.400"
218.92.225.159 - - [26/Oct/2018:08:22:06 +0800] "GET /_ckeditor/ckeditor.js HTTP/1.1" 400 673 "http://119.28.223.142:443" "Mozilla/5.0 (Macintosh; Intel Mac OS X 10_14_0) AppleWebKit/537.36 (KHTML, like Gecko) Chrome/65.0.3325.181 Safari/537.36 QQBrowser/4.4.119.400"
218.92.225.159 - - [26/Oct/2018:08:22:09 +0800] "GET /plugin/ckeditor/ckeditor.js HTTP/1.1" 400 673 "http://119.28.223.142:443" "Mozilla/5.0 (Macintosh; Intel Mac OS X 10_14_0) AppleWebKit/537.36 (KHTML, like Gecko) Chrome/65.0.3325.181 Safari/537.36 QQBrowser/4.4.119.400"
218.92.225.159 - - [26/Oct/2018:08:22:10 +0800] "GET /Web/ckeditor/ckeditor.js HTTP/1.1" 400 673 "http://119.28.223.142:443" "Mozilla/5.0 (Macintosh; Intel Mac OS X 10_14_0) AppleWebKit/537.36 (KHTML, like Gecko) Chrome/65.0.3325.181 Safari/537.36 QQBrowser/4.4.119.400"
218.92.225.159 - - [26/Oct/2018:08:22:15 +0800] "GET /ckeditor.js HTTP/1.1" 400 673 "http://119.28.223.142:443" "Mozilla/5.0 (Macintosh; Intel Mac OS X 10_14_0) AppleWebKit/537.36 (KHTML, like Gecko) Chrome/65.0.3325.181 Safari/537.36 QQBrowser/4.4.119.400"
218.92.225.159 - - [26/Oct/2018:08:22:17 +0800] "GET /Public/Js/ckeditor/ckeditor.js HTTP/1.1" 400 673 "http://119.28.223.142:443" "Mozilla/5.0 (Macintosh; Intel Mac OS X 10_14_0) AppleWebKit/537.36 (KHTML, like Gecko) Chrome/65.0.3325.181 Safari/537.36 QQBrowser/4.4.119.400"
218.92.225.159 - - [26/Oct/2018:08:22:18 +0800] "GET /tools/ckeditor/ckeditor.js HTTP/1.1" 400 673 "http://119.28.223.142:443" "Mozilla/5.0 (Macintosh; Intel Mac OS X 10_14_0) AppleWebKit/537.36 (KHTML, like Gecko) Chrome/65.0.3325.181 Safari/537.36 QQBrowser/4.4.119.400"
218.92.225.159 - - [26/Oct/2018:08:22:21 +0800] "GET /css/ckeditor/ckeditor.js HTTP/1.1" 400 673 "http://119.28.223.142:443" "Mozilla/5.0 (Macintosh; Intel Mac OS X 10_14_0) AppleWebKit/537.36 (KHTML, like Gecko) Chrome/65.0.3325.181 Safari/537.36 QQBrowser/4.4.119.400"
218.92.225.159 - - [26/Oct/2018:08:22:23 +0800] "GET /html/ckeditor/ckeditor.js HTTP/1.1" 400 673 "http://119.28.223.142:443" "Mozilla/5.0 (Macintosh; Intel Mac OS X 10_14_0) AppleWebKit/537.36 (KHTML, like Gecko) Chrome/65.0.3325.181 Safari/537.36 QQBrowser/4.4.119.400"
